📝 Logging to base64_benchmark_clang_2025-06-30_17-31-36.log
Benchmark started at Mon 30 Jun 2025 05:31:36 PM EDT
========================================================
Configuring OpenSSL version 3.6.0-dev for target linux-x86_64-clang
Using os-specific seed configuration
Created configdata.pm
Running configdata.pm
Created Makefile.in
Created Makefile

**********************************************************************
***                                                                ***
***   OpenSSL has been successfully configured                     ***
***                                                                ***
***   If you encounter a problem while building, please open an    ***
***   issue on GitHub <https://github.com/openssl/openssl/issues>  ***
***   and include the output from the following command:           ***
***                                                                ***
***       perl configdata.pm --dump                                ***
***                                                                ***
***   (If you are new to OpenSSL, you might want to consult the    ***
***   'Troubleshooting' section in the INSTALL.md file first)      ***
***                                                                ***
**********************************************************************
🛠️  Building OpenSSL quietly...
📂 Benchmark: Enron email files
-----------------------DISABLE NEWLINES/NO_NL mode---------------------------

 ***** Benchmarking EVP_EncodeUpdate *****:
Benchmark ran 50000 iterations (40000 used after warmup)
Total elapsed (wall):     1.478715 s
CPU cycles (avg):         129013
Instructions (avg):       503607
Instructions per cycle:   3.9035
Throughput:              18.92 GB/s


 ***** Benchmarking EVP_EncodeUpdate_openssl *****:
Benchmark ran 50000 iterations (40000 used after warmup)
Total elapsed (wall):     19.106625 s
CPU cycles (avg):         2027079
Instructions (avg):       10100161
Instructions per cycle:   4.9826
Throughput:              1.46 GB/s
-----------------------PEM mode---------------------------

 ***** Benchmarking EVP_EncodeUpdate *****:
Benchmark ran 50000 iterations (40000 used after warmup)
Total elapsed (wall):     17.782129 s
CPU cycles (avg):         1903665
Instructions (avg):       9387151
Instructions per cycle:   4.9311
Throughput:              1.57 GB/s


 ***** Benchmarking EVP_EncodeUpdate_openssl *****:
Benchmark ran 50000 iterations (40000 used after warmup)
Total elapsed (wall):     19.023666 s
CPU cycles (avg):         2045048
Instructions (avg):       10172938
Instructions per cycle:   4.9744
Throughput:              1.47 GB/s


Processed files:
File: enron7.txt.decoded (247296 bytes)
File: enron12.txt.decoded (36552 bytes)
File: enron13.txt.decoded (59904 bytes)
File: enron10.txt.decoded (34773 bytes)
File: enron9.txt.decoded (58368 bytes)
File: enron11.txt.decoded (57696 bytes)
File: enron14.txt.decoded (35328 bytes)
File: enron2.txt.decoded (38400 bytes)
File: enron4.txt.decoded (72192 bytes)
File: enron15.txt.decoded (32760 bytes)
File: enron3.txt.decoded (26112 bytes)
 
🖼️  Benchmark: Mula JPG files
-----------------------DISABLE NEWLINES/NO_NL mode---------------------------

 ***** Benchmarking EVP_EncodeUpdate *****:
Benchmark ran 500000 iterations (490000 used after warmup)
Total elapsed (wall):     10.787165 s
CPU cycles (avg):         69212
Instructions (avg):       263971
Instructions per cycle:   3.8139
Throughput:              16.63 GB/s


 ***** Benchmarking EVP_EncodeUpdate_openssl *****:
Benchmark ran 50000 iterations (40000 used after warmup)
Total elapsed (wall):     10.206617 s
CPU cycles (avg):         1064183
Instructions (avg):       5287986
Instructions per cycle:   4.9691
Throughput:              1.44 GB/s
-----------------------PEM mode---------------------------

 ***** Benchmarking EVP_EncodeUpdate *****:
Benchmark ran 50000 iterations (40000 used after warmup)
Total elapsed (wall):     9.422703 s
CPU cycles (avg):         998219
Instructions (avg):       4914859
Instructions per cycle:   4.9236
Throughput:              1.55 GB/s


 ***** Benchmarking EVP_EncodeUpdate_openssl *****:
Benchmark ran 50000 iterations (40000 used after warmup)
Total elapsed (wall):     10.053935 s
CPU cycles (avg):         1070968
Instructions (avg):       5326101
Instructions per cycle:   4.9732
Throughput:              1.46 GB/s


Processed files:
File: lena_color_512.jpg (105764 bytes)
File: googlelogo.png (2357 bytes)
File: mandril_color.jpg (247222 bytes)
File: bing.png (1355 bytes)
File: peppers_color.jpg (9478 bytes)
 
📏 Benchmark: Single file (lena_color_512.jpg)
Benchmark 1: ./apps/openssl enc -base64 -A -in ./util/benchmark_data/Mula_img/lena_color_512.jpg > /dev/null
  Time (mean ± σ):       2.0 ms ±   0.1 ms    [User: 1.3 ms, System: 1.0 ms]
  Range (min … max):     1.4 ms …   3.0 ms    4000 runs
 
  Warning: Command took less than 5 ms to complete. Note that the results might be inaccurate because hyperfine can not calibrate the shell startup time much more precise than this limit. You can try to use the `-N`/`--shell=none` option to disable the shell completely.
 
📦 Benchmark: All files in Mula_img
Benchmark 1: for f in ./util/benchmark_data/Mula_img/*; do [ -f "$f" ] && ./apps/openssl enc -base64 -A -in "$f" > /dev/null; done
  Time (mean ± σ):       9.9 ms ±   0.3 ms    [User: 5.9 ms, System: 4.1 ms]
  Range (min … max):     8.8 ms …  11.7 ms    2000 runs
 
📨 Benchmark: All files in email_bin
Benchmark 1: for f in ./util/benchmark_data/email_bin/*; do [ -f "$f" ] && ./apps/openssl enc -base64 -A -in "$f" > /dev/null; done
  Time (mean ± σ):      21.8 ms ±   0.7 ms    [User: 12.7 ms, System: 9.4 ms]
  Range (min … max):    20.5 ms …  24.3 ms    2000 runs
 
📨 Benchmark: Pride and prejudice
Benchmark 1: for f in ./util/benchmark_data/one_big_file/*; do [ -f "$f" ] && ./apps/openssl enc -base64 -A -in "$f" > /dev/null; done
  Time (mean ± σ):      18.5 ms ±   0.9 ms    [User: 12.9 ms, System: 5.6 ms]
  Range (min … max):    16.4 ms …  24.3 ms    2000 runs
 
✅ Benchmarks complete at Mon 30 Jun 2025 05:37:32 PM EDT
Results logged to: base64_benchmark_clang_2025-06-30_17-31-36.log
