📝 Logging to base64_benchmark_gcc_2025-06-30_15-29-28.log
Benchmark started at Mon 30 Jun 2025 03:29:28 PM EDT
========================================================
Configuring OpenSSL version 3.6.0-dev for target linux-x86_64
Using os-specific seed configuration
Created configdata.pm
Running configdata.pm
Created Makefile.in
Created Makefile

**********************************************************************
***                                                                ***
***   OpenSSL has been successfully configured                     ***
***                                                                ***
***   If you encounter a problem while building, please open an    ***
***   issue on GitHub <https://github.com/openssl/openssl/issues>  ***
***   and include the output from the following command:           ***
***                                                                ***
***       perl configdata.pm --dump                                ***
***                                                                ***
***   (If you are new to OpenSSL, you might want to consult the    ***
***   'Troubleshooting' section in the INSTALL.md file first)      ***
***                                                                ***
**********************************************************************
🛠️  Building OpenSSL quietly...
📂 Benchmark: Enron email files
-----------------------NO_NL mode---------------------------

 ***** Benchmarking EVP_EncodeUpdate *****:
Benchmark ran 50000 iterations (40000 used after warmup)
Total elapsed (wall):     1.487234 s
CPU cycles (avg):         129072
Instructions (avg):       503607
Instructions per cycle:   3.9018
Throughput:              18.81 GB/s


 ***** Benchmarking EVP_EncodeUpdate_openssl *****:
Benchmark ran 50000 iterations (40000 used after warmup)
Total elapsed (wall):     19.824704 s
CPU cycles (avg):         2027617
Instructions (avg):       10100161
Instructions per cycle:   4.9813
Throughput:              1.41 GB/s
-----------------------PEM mode---------------------------

 ***** Benchmarking EVP_EncodeUpdate *****:
Benchmark ran 50000 iterations (40000 used after warmup)
Total elapsed (wall):     18.401741 s
CPU cycles (avg):         1903471
Instructions (avg):       9387151
Instructions per cycle:   4.9316
Throughput:              1.52 GB/s


 ***** Benchmarking EVP_EncodeUpdate_openssl *****:
Benchmark ran 50000 iterations (40000 used after warmup)
Total elapsed (wall):     19.201128 s
CPU cycles (avg):         2044134
Instructions (avg):       10172938
Instructions per cycle:   4.9766
Throughput:              1.46 GB/s


Processed files:
File: enron7.txt.decoded (247296 bytes)
File: enron12.txt.decoded (36552 bytes)
File: enron13.txt.decoded (59904 bytes)
File: enron10.txt.decoded (34773 bytes)
File: enron9.txt.decoded (58368 bytes)
File: enron11.txt.decoded (57696 bytes)
File: enron14.txt.decoded (35328 bytes)
File: enron2.txt.decoded (38400 bytes)
File: enron4.txt.decoded (72192 bytes)
File: enron15.txt.decoded (32760 bytes)
File: enron3.txt.decoded (26112 bytes)
 
🖼️  Benchmark: Mula JPG files
-----------------------NO_NL mode---------------------------

 ***** Benchmarking EVP_EncodeUpdate *****:
Benchmark ran 500000 iterations (490000 used after warmup)
Total elapsed (wall):     11.007958 s
CPU cycles (avg):         70248
Instructions (avg):       263971
Instructions per cycle:   3.7577
Throughput:              16.30 GB/s


 ***** Benchmarking EVP_EncodeUpdate_openssl *****:
Benchmark ran 50000 iterations (40000 used after warmup)
Total elapsed (wall):     10.123448 s
CPU cycles (avg):         1062106
Instructions (avg):       5287986
Instructions per cycle:   4.9788
Throughput:              1.45 GB/s
-----------------------PEM mode---------------------------

 ***** Benchmarking EVP_EncodeUpdate *****:
Benchmark ran 50000 iterations (40000 used after warmup)
Total elapsed (wall):     9.562835 s
CPU cycles (avg):         997993
Instructions (avg):       4914859
Instructions per cycle:   4.9247
Throughput:              1.53 GB/s


 ***** Benchmarking EVP_EncodeUpdate_openssl *****:
Benchmark ran 50000 iterations (40000 used after warmup)
Total elapsed (wall):     10.158395 s
CPU cycles (avg):         1070954
Instructions (avg):       5326101
Instructions per cycle:   4.9732
Throughput:              1.44 GB/s


Processed files:
File: lena_color_512.jpg (105764 bytes)
File: googlelogo.png (2357 bytes)
File: mandril_color.jpg (247222 bytes)
File: bing.png (1355 bytes)
File: peppers_color.jpg (9478 bytes)
 
📏 Benchmark: Single file (lena_color_512.jpg)
Benchmark 1: ./apps/openssl enc -base64 -A -in ./util/benchmark_data/Mula_img/lena_color_512.jpg > /dev/null
  Time (mean ± σ):       2.1 ms ±   0.1 ms    [User: 0.7 ms, System: 1.6 ms]
  Range (min … max):     1.3 ms …   2.6 ms    4000 runs
 
  Warning: Command took less than 5 ms to complete. Note that the results might be inaccurate because hyperfine can not calibrate the shell startup time much more precise than this limit. You can try to use the `-N`/`--shell=none` option to disable the shell completely.
 
📦 Benchmark: All files in Mula_img
Benchmark 1: for f in ./util/benchmark_data/Mula_img/*; do [ -f "$f" ] && ./apps/openssl enc -base64 -A -in "$f" > /dev/null; done
  Time (mean ± σ):      10.1 ms ±   0.2 ms    [User: 3.0 ms, System: 7.2 ms]
  Range (min … max):     8.9 ms …  11.0 ms    2000 runs
 
📨 Benchmark: All files in email_bin
Benchmark 1: for f in ./util/benchmark_data/email_bin/*; do [ -f "$f" ] && ./apps/openssl enc -base64 -A -in "$f" > /dev/null; done
  Time (mean ± σ):      21.8 ms ±   0.5 ms    [User: 6.5 ms, System: 15.5 ms]
  Range (min … max):    20.1 ms …  23.8 ms    2000 runs
 
📨 Benchmark: Pride and prejudice
Benchmark 1: for f in ./util/benchmark_data/one_big_file/*; do [ -f "$f" ] && ./apps/openssl enc -base64 -A -in "$f" > /dev/null; done
  Time (mean ± σ):      22.6 ms ±   0.7 ms    [User: 16.7 ms, System: 5.7 ms]
  Range (min … max):    20.0 ms …  25.7 ms    2000 runs
 
✅ Benchmarks complete at Mon 30 Jun 2025 03:35:31 PM EDT
Results logged to: base64_benchmark_gcc_2025-06-30_15-29-28.log
