📏 Benchmark: Single file (lena_color_512.jpg)
Benchmark 1: ./apps/openssl enc -base64 -A -in ./util/benchmark_data/Mula_img/lena_color_512.jpg > /dev/null
  Time (mean ± σ):       2.0 ms ±   0.2 ms    [User: 0.7 ms, System: 1.4 ms]
  Range (min … max):     1.3 ms …   4.0 ms    4000 runs
 
  Warning: Command took less than 5 ms to complete. Note that the results might be inaccurate because hyperfine can not calibrate the shell startup time much more precise than this limit. You can try to use the `-N`/`--shell=none` option to disable the shell completely.
  Warning: Statistical outliers were detected. Consider re-running this benchmark on a quiet system without any interferences from other programs. It might help to use the '--warmup' or '--prepare' options.
 
📦 Benchmark: All files in Mula_img
Benchmark 1: for f in ./util/benchmark_data/Mula_img/*; do [ -f "$f" ] && ./apps/openssl enc -base64 -A -in "$f" > /dev/null; done
  Time (mean ± σ):       9.4 ms ±   0.4 ms    [User: 2.8 ms, System: 6.6 ms]
  Range (min … max):     8.5 ms …  12.2 ms    2000 runs
 
📨 Benchmark: All files in email_bin
Benchmark 1: for f in ./util/benchmark_data/email_bin/*; do [ -f "$f" ] && ./apps/openssl enc -base64 -A -in "$f" > /dev/null; done
  Time (mean ± σ):      20.4 ms ±   0.5 ms    [User: 5.7 ms, System: 14.8 ms]
  Range (min … max):    19.0 ms …  27.8 ms    2000 runs
 
  Warning: Statistical outliers were detected. Consider re-running this benchmark on a quiet system without any interferences from other programs. It might help to use the '--warmup' or '--prepare' options.
 
📨 Benchmark: Pride and prejudice
Benchmark 1: for f in ./util/benchmark_data/one_big_file/*; do [ -f "$f" ] && ./apps/openssl enc -base64 -A -in "$f" > /dev/null; done
  Time (mean ± σ):      19.2 ms ±   0.5 ms    [User: 13.8 ms, System: 5.3 ms]
  Range (min … max):    17.9 ms …  22.6 ms    2000 runs
 
✅ Benchmarks complete at Mon 30 Jun 2025 04:49:22 PM EDT
