# Manually edited but only for formatting clarity(eg removed compiler warnings etc) : the benchmark script could use work but it is functional enough

📝 Logging to util/benchmark_results/base64_benchmark_gcc_2025-07-02_00-40-41.log
Benchmark started at Wed 02 Jul 2025 12:40:41 AM EDT
========================================================
Configuring OpenSSL version 3.6.0-dev for target linux-x86_64
Using os-specific seed configuration
Created configdata.pm
Running configdata.pm
Created Makefile.in
Created Makefile

**********************************************************************
***                                                                ***
***   OpenSSL has been successfully configured                     ***
***                                                                ***
***   If you encounter a problem while building, please open an    ***
***   issue on GitHub <https://github.com/openssl/openssl/issues>  ***
***   and include the output from the following command:           ***
***                                                                ***
***       perl configdata.pm --dump                                ***
***                                                                ***
***   (If you are new to OpenSSL, you might want to consult the    ***
***   'Troubleshooting' section in the INSTALL.md file first)      ***
***                                                                ***
**********************************************************************
🛠️  Building OpenSSL quietly...
🧪 Compiling base64_encoding_benchmark.c with GCC...
./crypto/evp/encode.c:25:12: warning: ‘evp_encode_scalar_nl_int’ used but never defined
   25 | static int evp_encode_scalar_nl_int(EVP_ENCODE_CTX *ctx, unsigned char *t,
      |            ^~~~~~~~~~~~~~~~~~~~~~~~
📂 Benchmark: Enron email files
-----------------------DISABLE NEWLINES/NO_NL mode---------------------------

 ***** Benchmarking EVP_EncodeUpdate *****:
Benchmark ran 50000 iterations (40000 used after warmup)
Total elapsed (wall):     1.482918 s
CPU cycles (avg):         132499
Instructions (avg):       497075
Instructions per cycle:   3.7515
Throughput:              18.86 GB/s


 ***** Benchmarking EVP_EncodeUpdate_openssl *****:
Benchmark ran 50000 iterations (40000 used after warmup)
Total elapsed (wall):     19.568148 s
CPU cycles (avg):         2060202
Instructions (avg):       10100161
Instructions per cycle:   4.9025
Throughput:              1.43 GB/s
-----------------------PEM mode---------------------------

 ***** Benchmarking EVP_EncodeUpdate *****:
Benchmark ran 50000 iterations (40000 used after warmup)
Total elapsed (wall):     1.597566 s
CPU cycles (avg):         145326
Instructions (avg):       527996
Instructions per cycle:   3.6332
Throughput:              17.51 GB/s


 ***** Benchmarking EVP_EncodeUpdate_openssl *****:
Benchmark ran 50000 iterations (40000 used after warmup)
Total elapsed (wall):     19.516709 s
CPU cycles (avg):         2071922
Instructions (avg):       10172938
Instructions per cycle:   4.9099
Throughput:              1.43 GB/s


Processed files:
File: enron7.txt.decoded (247296 bytes)
File: enron12.txt.decoded (36552 bytes)
File: enron13.txt.decoded (59904 bytes)
File: enron10.txt.decoded (34773 bytes)
File: enron9.txt.decoded (58368 bytes)
File: enron11.txt.decoded (57696 bytes)
File: enron14.txt.decoded (35328 bytes)
File: enron2.txt.decoded (38400 bytes)
File: enron4.txt.decoded (72192 bytes)
File: enron15.txt.decoded (32760 bytes)
File: enron3.txt.decoded (26112 bytes)
 
🖼️  Benchmark: Mula JPG files
-----------------------DISABLE NEWLINES/NO_NL mode---------------------------

 ***** Benchmarking EVP_EncodeUpdate *****:
Benchmark ran 500000 iterations (490000 used after warmup)
Total elapsed (wall):     10.848733 s
CPU cycles (avg):         69151
Instructions (avg):       260491
Instructions per cycle:   3.7670
Throughput:              16.54 GB/s


 ***** Benchmarking EVP_EncodeUpdate_openssl *****:
Benchmark ran 50000 iterations (40000 used after warmup)
Total elapsed (wall):     10.407167 s
CPU cycles (avg):         1073048
Instructions (avg):       5287986
Instructions per cycle:   4.9280
Throughput:              1.41 GB/s
-----------------------PEM mode---------------------------

 ***** Benchmarking EVP_EncodeUpdate *****:
Benchmark ran 500000 iterations (490000 used after warmup)
Total elapsed (wall):     11.464144 s
CPU cycles (avg):         74530
Instructions (avg):       274534
Instructions per cycle:   3.6835
Throughput:              15.65 GB/s


 ***** Benchmarking EVP_EncodeUpdate_openssl *****:
Benchmark ran 50000 iterations (40000 used after warmup)
Total elapsed (wall):     10.418399 s
CPU cycles (avg):         1083246
Instructions (avg):       5326101
Instructions per cycle:   4.9168
Throughput:              1.41 GB/s


Processed files:
File: lena_color_512.jpg (105764 bytes)
File: googlelogo.png (2357 bytes)
File: mandril_color.jpg (247222 bytes)
File: bing.png (1355 bytes)
File: peppers_color.jpg (9478 bytes)
 
🛠️  Configuring and building OpenSSL with Clang and -march=native -mtune=native...
tee: ./benchmark_results/base64_benchmark_clang_2025-07-02_00-43-45.log: No such file or directory
📝 Logging to ./benchmark_results/base64_benchmark_clang_2025-07-02_00-43-45.log
Benchmark started at Wed 02 Jul 2025 12:43:45 AM EDT
========================================================
Configuring OpenSSL version 3.6.0-dev for target linux-x86_64-clang
Using os-specific seed configuration
Created configdata.pm
Running configdata.pm
Created Makefile.in
Created Makefile

**********************************************************************
***                                                                ***
***   OpenSSL has been successfully configured                     ***
***                                                                ***
***   If you encounter a problem while building, please open an    ***
***   issue on GitHub <https://github.com/openssl/openssl/issues>  ***
***   and include the output from the following command:           ***
***                                                                ***
***       perl configdata.pm --dump                                ***
***                                                                ***
***   (If you are new to OpenSSL, you might want to consult the    ***
***   'Troubleshooting' section in the INSTALL.md file first)      ***
***                                                                ***
**********************************************************************
🛠️  Building OpenSSL quietly...
📂 Benchmark: Enron email files
-----------------------DISABLE NEWLINES/NO_NL mode---------------------------

 ***** Benchmarking EVP_EncodeUpdate *****:
Benchmark ran 50000 iterations (40000 used after warmup)
Total elapsed (wall):     1.654503 s
CPU cycles (avg):         148419
Instructions (avg):       568867
Instructions per cycle:   3.8328
Throughput:              16.91 GB/s


 ***** Benchmarking EVP_EncodeUpdate_openssl *****:
Benchmark ran 50000 iterations (40000 used after warmup)
Total elapsed (wall):     18.120307 s
CPU cycles (avg):         1860134
Instructions (avg):       8366431
Instructions per cycle:   4.4978
Throughput:              1.54 GB/s
-----------------------PEM mode---------------------------

 ***** Benchmarking EVP_EncodeUpdate *****:
Benchmark ran 50000 iterations (40000 used after warmup)
Total elapsed (wall):     1.664800 s
CPU cycles (avg):         153155
Instructions (avg):       590684
Instructions per cycle:   3.8568
Throughput:              16.80 GB/s


 ***** Benchmarking EVP_EncodeUpdate_openssl *****:
Benchmark ran 50000 iterations (40000 used after warmup)
Total elapsed (wall):     18.300403 s
CPU cycles (avg):         1887909
Instructions (avg):       8512073
Instructions per cycle:   4.5087
Throughput:              1.53 GB/s


Processed files:
File: enron7.txt.decoded (247296 bytes)
File: enron12.txt.decoded (36552 bytes)
File: enron13.txt.decoded (59904 bytes)
File: enron10.txt.decoded (34773 bytes)
File: enron9.txt.decoded (58368 bytes)
File: enron11.txt.decoded (57696 bytes)
File: enron14.txt.decoded (35328 bytes)
File: enron2.txt.decoded (38400 bytes)
File: enron4.txt.decoded (72192 bytes)
File: enron15.txt.decoded (32760 bytes)
File: enron3.txt.decoded (26112 bytes)
 
🖼️  Benchmark: Mula JPG files
-----------------------DISABLE NEWLINES/NO_NL mode---------------------------

 ***** Benchmarking EVP_EncodeUpdate *****:
Benchmark ran 500000 iterations (490000 used after warmup)
Total elapsed (wall):     11.693932 s
CPU cycles (avg):         76816
Instructions (avg):       298040
Instructions per cycle:   3.8799
Throughput:              15.34 GB/s


 ***** Benchmarking EVP_EncodeUpdate_openssl *****:
Benchmark ran 50000 iterations (40000 used after warmup)
Total elapsed (wall):     9.261255 s
CPU cycles (avg):         971118
Instructions (avg):       4380308
Instructions per cycle:   4.5106
Throughput:              1.58 GB/s
-----------------------PEM mode---------------------------

 ***** Benchmarking EVP_EncodeUpdate *****:
Benchmark ran 500000 iterations (490000 used after warmup)
Total elapsed (wall):     11.824184 s
CPU cycles (avg):         77873
Instructions (avg):       307769
Instructions per cycle:   3.9522
Throughput:              15.17 GB/s


 ***** Benchmarking EVP_EncodeUpdate_openssl *****:
Benchmark ran 50000 iterations (40000 used after warmup)
Total elapsed (wall):     9.303247 s
CPU cycles (avg):         983163
Instructions (avg):       4456564
Instructions per cycle:   4.5329
Throughput:              1.57 GB/s


Processed files:
File: lena_color_512.jpg (105764 bytes)
File: googlelogo.png (2357 bytes)
File: mandril_color.jpg (247222 bytes)
File: bing.png (1355 bytes)
File: peppers_color.jpg (9478 bytes)
 
============== DISABLE NEWLINES MODE CLI =============================


📏 Benchmark: Single file (lena_color_512.jpg)
Benchmark 1: ./apps/openssl enc -base64 -A -in ./util/benchmark_data/Mula_img/lena_color_512.jpg > /dev/null
  Time (mean ± σ):       2.0 ms ±   0.2 ms    [User: 1.3 ms, System: 1.0 ms]
  Range (min … max):     1.2 ms …   3.5 ms    4000 runs
 
  Warning: Command took less than 5 ms to complete. Note that the results might be inaccurate because hyperfine can not calibrate the shell startup time much more precise than this limit. You can try to use the `-N`/`--shell=none` option to disable the shell completely.
  Warning: Statistical outliers were detected. Consider re-running this benchmark on a quiet system without any interferences from other programs. It might help to use the '--warmup' or '--prepare' options.
 
📦 Benchmark: All files in Mula_img
Benchmark 1: for f in ./util/benchmark_data/Mula_img/*; do [ -f "$f" ] && ./apps/openssl enc -base64 -A -in "$f" > /dev/null; done
  Time (mean ± σ):       9.8 ms ±   0.2 ms    [User: 5.8 ms, System: 4.1 ms]
  Range (min … max):     8.1 ms …  10.4 ms    2000 runs
 
  Warning: Statistical outliers were detected. Consider re-running this benchmark on a quiet system without any interferences from other programs. It might help to use the '--warmup' or '--prepare' options.
 
📨 Benchmark: All files in email_bin
Benchmark 1: for f in ./util/benchmark_data/email_bin/*; do [ -f "$f" ] && ./apps/openssl enc -base64 -A -in "$f" > /dev/null; done
  Time (mean ± σ):      21.3 ms ±   0.3 ms    [User: 12.6 ms, System: 8.9 ms]
  Range (min … max):    19.3 ms …  22.5 ms    2000 runs
 
📨 Benchmark: Pride and prejudice
Benchmark 1: for f in ./util/benchmark_data/one_big_file/*; do [ -f "$f" ] && ./apps/openssl enc -base64 -A -in "$f" > /dev/null; done
  Time (mean ± σ):      18.3 ms ±   0.8 ms    [User: 12.6 ms, System: 5.7 ms]
  Range (min … max):    16.6 ms …  21.1 ms    2000 runs

 
📏 Benchmark: Single file (lena_color_512.jpg)
Benchmark 1: ./apps/openssl enc -base64 -in ./util/benchmark_data/Mula_img/lena_color_512.jpg > /dev/null
  Time (mean ± σ):       1.9 ms ±   0.1 ms    [User: 1.3 ms, System: 0.9 ms]
  Range (min … max):     1.2 ms …   2.9 ms    4000 runs
 
  Warning: Command took less than 5 ms to complete. Note that the results might be inaccurate because hyperfine can not calibrate the shell startup time much more precise than this limit. You can try to use the `-N`/`--shell=none` option to disable the shell completely.
  Warning: Statistical outliers were detected. Consider re-running this benchmark on a quiet system without any interferences from other programs. It might help to use the '--warmup' or '--prepare' options.
 
📦 Benchmark: All files in Mula_img
Benchmark 1: for f in ./util/benchmark_data/Mula_img/*; do [ -f "$f" ] && ./apps/openssl enc -base64 -in "$f" > /dev/null; done
  Time (mean ± σ):       9.6 ms ±   0.2 ms    [User: 5.6 ms, System: 4.1 ms]
  Range (min … max):     8.2 ms …  10.8 ms    2000 runs
 
📨 Benchmark: All files in email_bin
Benchmark 1: for f in ./util/benchmark_data/email_bin/*; do [ -f "$f" ] && ./apps/openssl enc -base64 -in "$f" > /dev/null; done
  Time (mean ± σ):      21.5 ms ±   0.6 ms    [User: 12.5 ms, System: 9.1 ms]
  Range (min … max):    18.6 ms …  24.5 ms    2000 runs
 
📨 Benchmark: Pride and prejudice
Benchmark 1: for f in ./util/benchmark_data/one_big_file/*; do [ -f "$f" ] && ./apps/openssl enc -base64 -in "$f" > /dev/null; done
  Time (mean ± σ):      12.2 ms ±   0.8 ms    [User: 5.9 ms, System: 6.3 ms]
  Range (min … max):    10.4 ms …  17.4 ms    2000 runs
 
✅ Benchmarks complete at Wed 02 Jul 2025 12:53:15 AM EDT
Results logged to: ./benchmark_results/base64_benchmark_clang_2025-07-02_00-43-45.log
