============== DISABLE NEWLINES MODE CLI =============================
📏 Benchmark: Single file (lena_color_512.jpg)
Benchmark 1: ./apps/openssl enc -base64 -A -in ./util/benchmark_data/Mula_img/lena_color_512.jpg > /dev/null
  Time (mean ± σ):       2.0 ms ±   0.2 ms    [User: 1.1 ms, System: 1.1 ms]
  Range (min … max):     1.3 ms …   3.0 ms    4000 runs
 
  Warning: Command took less than 5 ms to complete. Note that the results might be inaccurate because hyperfine can not calibrate the shell startup time much more precise than this limit. You can try to use the `-N`/`--shell=none` option to disable the shell completely.
 
📦 Benchmark: All files in Mula_img
Benchmark 1: for f in ./util/benchmark_data/Mula_img/*; do [ -f "$f" ] && ./apps/openssl enc -base64 -A -in "$f" > /dev/null; done
  Time (mean ± σ):      10.0 ms ±   0.4 ms    [User: 5.8 ms, System: 4.2 ms]
  Range (min … max):     8.1 ms …  11.4 ms    2000 runs
 
📨 Benchmark: All files in email_bin
Benchmark 1: for f in ./util/benchmark_data/email_bin/*; do [ -f "$f" ] && ./apps/openssl enc -base64 -A -in "$f" > /dev/null; done
  Time (mean ± σ):      21.8 ms ±   0.5 ms    [User: 12.4 ms, System: 9.4 ms]
  Range (min … max):    20.1 ms …  23.7 ms    2000 runs
 
📨 Benchmark: Pride and prejudice
Benchmark 1: for f in ./util/benchmark_data/one_big_file/*; do [ -f "$f" ] && ./apps/openssl enc -base64 -A -in "$f" > /dev/null; done
  Time (mean ± σ):      21.0 ms ±   1.7 ms    [User: 14.7 ms, System: 6.2 ms]
  Range (min … max):    18.5 ms …  39.7 ms    2000 runs
 
  Warning: Statistical outliers were detected. Consider re-running this benchmark on a quiet system without any interferences from other programs. It might help to use the '--warmup' or '--prepare' options.
 
============== PEM MODE CLI =============================
📏 Benchmark: Single file (lena_color_512.jpg)
Benchmark 1: ./apps/openssl enc -base64  -in ./util/benchmark_data/Mula_img/lena_color_512.jpg > /dev/null
  Time (mean ± σ):       2.1 ms ±   0.2 ms    [User: 1.4 ms, System: 1.0 ms]
  Range (min … max):     1.4 ms …   3.6 ms    4000 runs
 
  Warning: Command took less than 5 ms to complete. Note that the results might be inaccurate because hyperfine can not calibrate the shell startup time much more precise than this limit. You can try to use the `-N`/`--shell=none` option to disable the shell completely.
 
📦 Benchmark: All files in Mula_img
Benchmark 1: for f in ./util/benchmark_data/Mula_img/*; do [ -f "$f" ] && ./apps/openssl enc -base64  -in "$f" > /dev/null; done
  Time (mean ± σ):      10.5 ms ±   0.5 ms    [User: 6.1 ms, System: 4.5 ms]
  Range (min … max):     8.8 ms …  12.8 ms    2000 runs
 
📨 Benchmark: All files in email_bin
Benchmark 1: for f in ./util/benchmark_data/email_bin/*; do [ -f "$f" ] && ./apps/openssl enc -base64  -in "$f" > /dev/null; done
  Time (mean ± σ):      22.6 ms ±   0.8 ms    [User: 12.8 ms, System: 9.8 ms]
  Range (min … max):    20.3 ms …  25.9 ms    2000 runs
 
📨 Benchmark: Pride and prejudice
Benchmark 1: for f in ./util/benchmark_data/one_big_file/*; do [ -f "$f" ] && ./apps/openssl enc -base64  -in "$f" > /dev/null; done
  Time (mean ± σ):      21.3 ms ±   1.6 ms    [User: 15.4 ms, System: 5.8 ms]
  Range (min … max):    19.3 ms …  42.9 ms    2000 runs
 
  Warning: Statistical outliers were detected. Consider re-running this benchmark on a quiet system without any interferences from other programs. It might help to use the '--warmup' or '--prepare' options.
 
🧪 Running custom benchmarks with various buffer sizes...
📨 Benchmark: bufsize = 1024
Benchmark 1: ./apps/openssl enc -base64 -A -bufsize 1024 -in ./util/benchmark_data/one_big_file/pg1342-images-kf8.mobi > /dev/null
  Time (mean ± σ):      24.2 ms ±   1.7 ms    [User: 16.5 ms, System: 7.5 ms]
  Range (min … max):    21.1 ms …  30.7 ms    2000 runs
 
📨 Benchmark: bufsize = 4096
Benchmark 1: ./apps/openssl enc -base64 -A -bufsize 4096 -in ./util/benchmark_data/one_big_file/pg1342-images-kf8.mobi > /dev/null
  Time (mean ± σ):      21.7 ms ±   0.9 ms    [User: 14.8 ms, System: 6.8 ms]
  Range (min … max):    19.9 ms …  26.7 ms    2000 runs
 
📨 Benchmark: bufsize = 8192
Benchmark 1: ./apps/openssl enc -base64 -A -bufsize 8192 -in ./util/benchmark_data/one_big_file/pg1342-images-kf8.mobi > /dev/null
  Time (mean ± σ):      20.0 ms ±   0.8 ms    [User: 14.0 ms, System: 5.9 ms]
  Range (min … max):    18.1 ms …  24.1 ms    2000 runs
 
📨 Benchmark: bufsize = 16384
Benchmark 1: ./apps/openssl enc -base64 -A -bufsize 16384 -in ./util/benchmark_data/one_big_file/pg1342-images-kf8.mobi > /dev/null
  Time (mean ± σ):      19.2 ms ±   0.8 ms    [User: 14.0 ms, System: 5.1 ms]
  Range (min … max):    17.3 ms …  22.7 ms    2000 runs
 
📨 Benchmark: bufsize = 65536
Benchmark 1: ./apps/openssl enc -base64 -A -bufsize 65536 -in ./util/benchmark_data/one_big_file/pg1342-images-kf8.mobi > /dev/null
  Time (mean ± σ):      18.5 ms ±   0.8 ms    [User: 13.3 ms, System: 5.1 ms]
  Range (min … max):    16.5 ms …  21.4 ms    2000 runs
 
📨 Benchmark: bufsize = 262144
Benchmark 1: ./apps/openssl enc -base64 -A -bufsize 262144 -in ./util/benchmark_data/one_big_file/pg1342-images-kf8.mobi > /dev/null
  Time (mean ± σ):      24.7 ms ±   1.0 ms    [User: 13.2 ms, System: 11.4 ms]
  Range (min … max):    22.6 ms …  30.0 ms    2000 runs
 
📨 Benchmark: bufsize = 1048576
Benchmark 1: ./apps/openssl enc -base64 -A -bufsize 1048576 -in ./util/benchmark_data/one_big_file/pg1342-images-kf8.mobi > /dev/null
  Time (mean ± σ):      25.0 ms ±   1.0 ms    [User: 13.0 ms, System: 11.9 ms]
  Range (min … max):    23.1 ms …  29.8 ms    2000 runs
 
📨 Benchmark: bufsize = 4194304
Benchmark 1: ./apps/openssl enc -base64 -A -bufsize 4194304 -in ./util/benchmark_data/one_big_file/pg1342-images-kf8.mobi > /dev/null
  Time (mean ± σ):      25.5 ms ±   0.9 ms    [User: 13.2 ms, System: 12.2 ms]
  Range (min … max):    23.5 ms …  30.5 ms    2000 runs
 
📨 Benchmark: bufsize = 16777216
Benchmark 1: ./apps/openssl enc -base64 -A -bufsize 16777216 -in ./util/benchmark_data/one_big_file/pg1342-images-kf8.mobi > /dev/null
  Time (mean ± σ):      27.0 ms ±   1.0 ms    [User: 13.3 ms, System: 13.6 ms]
  Range (min … max):    24.3 ms …  31.1 ms    2000 runs
 
📨 Benchmark: bufsize = 25335028
Benchmark 1: ./apps/openssl enc -base64 -A -bufsize 25335028 -in ./util/benchmark_data/one_big_file/pg1342-images-kf8.mobi > /dev/null
  Time (mean ± σ):      28.3 ms ±   1.5 ms    [User: 13.7 ms, System: 14.4 ms]
  Range (min … max):    25.8 ms …  41.0 ms    2000 runs
 
✅ Benchmarks complete at Wed 09 Jul 2025 09:30:40 AM EDT
