BIO_new_fp(0x7f45393f68e0, 16, 0x7ffd8a5c11a0, 0x555ad6506d98) = 0x555b095992a0
BIO_new_fp(0x7f45393f75c0, 16, 0, 0x7f45393f68e0) = 0x555b0959a6e0
getenv("HARNESS_OSSL_PREFIX")                    = nil
BIO_new_fp(0x7f45393f74e0, 16, 19, 79)           = 0x555b0959a770
signal(SIGPIPE, 0x1)                             = 0
OPENSSL_init_ssl(0x7640, 0, 0, 0x7f453924dfd8)   = 1
UI_null(0x7f4539b9a924, 129, 1, 0x7f45392aace1)  = 0x7f45399e4b60
UI_OpenSSL(0x7f4539b9a924, 129, 1, 0x7f45392aace1) = 0x7f4539a379c0
UI_create_method(0x555ad64f7130, 129, 1, 0x7f45392aace1) = 0x555b095adbc0
UI_method_set_opener(0x555b095adbc0, 0x555ad64c6c90, 0, 0) = 0
UI_method_set_reader(0x555b095adbc0, 0x555ad64c6bf0, 0, 0) = 0
UI_method_set_writer(0x555b095adbc0, 0x555ad64c6b70, 0, 0) = 0
UI_method_set_closer(0x555b095adbc0, 0x555ad64c6b40, 0, 0) = 0
UI_method_set_prompt_constructor(0x555b095adbc0, 0x555ad64c6b00, 0, 0) = 0
OSSL_STORE_LOADER_new(0, 0x555ad64dcaea, 0, 0)   = 0x555b095adc50
OSSL_STORE_LOADER_set_open(0x555b095adc50, 0x555ad64c7740, 216, 0x555b095adc50) = 1
OSSL_STORE_LOADER_set_expect(0x555b095adc50, 0x555ad64c7550, 216, 0x555b095adc50) = 1
OSSL_STORE_LOADER_set_load(0x555b095adc50, 0x555ad64c75f0, 216, 0x555b095adc50) = 1
OSSL_STORE_LOADER_set_eof(0x555b095adc50, 0x555ad64c7570, 216, 0x555b095adc50) = 1
OSSL_STORE_LOADER_set_error(0x555b095adc50, 0x555ad64c7580, 216, 0x555b095adc50) = 1
OSSL_STORE_LOADER_set_close(0x555b095adc50, 0x555ad64c7590, 216, 0x555b095adc50) = 1
OSSL_STORE_register_loader(0x555b095adc50, 0x555ad64c7590, 216, 0x555b095adc50) = 1
getenv("OPENSSL_TEST_LIBCTX")                    = nil
qsort(0x555ad651a520, 159, 48, 0x555ad6481dd0 <unfinished ...>
strcmp("asn1parse", "ca")                        = -2
strcmp("ciphers", "cmp")                         = -4
strcmp("asn1parse", "ciphers")                   = -2
strcmp("ca", "ciphers")                          = -8
strcmp("cms", "configutl")                       = -2
strcmp("crl2pkcs7", "dgst")                      = -1
strcmp("crl", "crl2pkcs7")                       = -50
strcmp("cms", "crl")                             = -5
strcmp("configutl", "crl")                       = -3
strcmp("asn1parse", "cms")                       = -2
strcmp("ca", "cms")                              = -12
strcmp("ciphers", "cms")                         = -4
strcmp("cmp", "cms")                             = -3
strcmp("dhparam", "dsa")                         = -11
strcmp("ec", "ecparam")                          = -112
strcmp("dsaparam", "ec")                         = -1
strcmp("dhparam", "dsaparam")                    = -11
strcmp("dsa", "dsaparam")                        = -112
strcmp("enc", "engine")                          = -4
strcmp("fipsinstall", "gendsa")                  = -1
strcmp("errstr", "fipsinstall")                  = -1
strcmp("enc", "errstr")                          = -4
strcmp("engine", "errstr")                       = -4
strcmp("dhparam", "enc")                         = -1
strcmp("dsa", "enc")                             = -1
strcmp("dsaparam", "enc")                        = -1
strcmp("ec", "enc")                              = -11
strcmp("ecparam", "enc")                         = -11
strcmp("asn1parse", "dhparam")                   = -3
strcmp("ca", "dhparam")                          = -1
strcmp("ciphers", "dhparam")                     = -1
strcmp("cmp", "dhparam")                         = -1
strcmp("cms", "dhparam")                         = -1
strcmp("configutl", "dhparam")                   = -1
strcmp("crl", "dhparam")                         = -1
strcmp("crl2pkcs7", "dhparam")                   = -1
strcmp("dgst", "dhparam")                        = -1
strcmp("genpkey", "genrsa")                      = -2
strcmp("info", "kdf")                            = -2
strcmp("help", "info")                           = -1
strcmp("genpkey", "help")                        = -1
strcmp("genrsa", "help")                         = -1
strcmp("list", "mac")                            = -1
strcmp("ocsp", "passwd")                         = -1
strcmp("nseq", "ocsp")                           = -1
strcmp("list", "nseq")                           = -2
strcmp("mac", "nseq")                            = -1
strcmp("genpkey", "list")                        = -5
strcmp("genrsa", "list")                         = -5
strcmp("help", "list")                           = -4
strcmp("info", "list")                           = -3
strcmp("kdf", "list")                            = -1
strcmp("pkcs12", "pkcs7")                        = -6
strcmp("pkey", "pkeyparam")                      = -112
strcmp("pkcs8", "pkey")                          = -2
strcmp("pkcs12", "pkcs8")                        = -7
strcmp("pkcs7", "pkcs8")                         = -1
strcmp("pkeyutl", "prime")                       = -7
strcmp("rehash", "req")                          = -9
strcmp("rand", "rehash")                         = -4
strcmp("pkeyutl", "rand")                        = -2
strcmp("prime", "rand")                          = -2
strcmp("pkcs12", "pkeyutl")                      = -2
strcmp("pkcs7", "pkeyutl")                       = -2
strcmp("pkcs8", "pkeyutl")                       = -2
strcmp("pkey", "pkeyutl")                        = -117
strcmp("pkeyparam", "pkeyutl")                   = -5
strcmp("genpkey", "pkcs12")                      = -9
strcmp("genrsa", "pkcs12")                       = -9
strcmp("help", "pkcs12")                         = -8
strcmp("info", "pkcs12")                         = -7
strcmp("kdf", "pkcs12")                          = -5
strcmp("list", "pkcs12")                         = -4
strcmp("mac", "pkcs12")                          = -3
strcmp("nseq", "pkcs12")                         = -2
strcmp("ocsp", "pkcs12")                         = -1
strcmp("passwd", "pkcs12")                       = -10
strcmp("asn1parse", "genpkey")                   = -6
strcmp("ca", "genpkey")                          = -4
strcmp("ciphers", "genpkey")                     = -4
strcmp("cmp", "genpkey")                         = -4
strcmp("cms", "genpkey")                         = -4
strcmp("configutl", "genpkey")                   = -4
strcmp("crl", "genpkey")                         = -4
strcmp("crl2pkcs7", "genpkey")                   = -4
strcmp("dgst", "genpkey")                        = -3
strcmp("dhparam", "genpkey")                     = -3
strcmp("dsa", "genpkey")                         = -3
strcmp("dsaparam", "genpkey")                    = -3
strcmp("ec", "genpkey")                          = -2
strcmp("ecparam", "genpkey")                     = -2
strcmp("enc", "genpkey")                         = -2
strcmp("engine", "genpkey")                      = -2
strcmp("errstr", "genpkey")                      = -2
strcmp("fipsinstall", "genpkey")                 = -1
strcmp("gendsa", "genpkey")                      = -12
strcmp("rsa", "rsautl")                          = -117
strcmp("s_server", "s_time")                     = -1
strcmp("s_client", "s_server")                   = -16
strcmp("rsa", "s_client")                        = -1
strcmp("rsautl", "s_client")                     = -1
strcmp("sess_id", "skeyutl")                     = -6
strcmp("speed", "spkac")                         = -6
strcmp("smime", "speed")                         = -3
strcmp("sess_id", "smime")                       = -8
strcmp("skeyutl", "smime")                       = -2
strcmp("rsa", "sess_id")                         = -1
strcmp("rsautl", "sess_id")                      = -1
strcmp("s_client", "sess_id")                    = -6
strcmp("s_server", "sess_id")                    = -6
strcmp("s_time", "sess_id")                      = -6
strcmp("srp", "storeutl")                        = -2
strcmp("verify", "version")                      = -10
strcmp("ts", "verify")                           = -2
strcmp("srp", "ts")                              = -1
strcmp("storeutl", "ts")                         = -1
strcmp("sha1", "sha224")                         = -1
strcmp("md5", "sha1")                            = -6
strcmp("md4", "md5")                             = -1
strcmp("srp", "x509")                            = -5
strcmp("storeutl", "x509")                       = -5
strcmp("ts", "x509")                             = -4
strcmp("verify", "x509")                         = -2
strcmp("version", "x509")                        = -2
strcmp("rsa", "srp")                             = -1
strcmp("rsautl", "srp")                          = -1
strcmp("s_client", "srp")                        = -19
strcmp("s_server", "srp")                        = -19
strcmp("s_time", "srp")                          = -19
strcmp("sess_id", "srp")                         = -13
strcmp("skeyutl", "srp")                         = -7
strcmp("smime", "srp")                           = -5
strcmp("speed", "srp")                           = -2
strcmp("spkac", "srp")                           = -2
strcmp("sha256", "sha384")                       = -1
strcmp("sha512-224", "sha512-256")               = -3
strcmp("sha512", "sha512-224")                   = -45
strcmp("sha256", "sha512")                       = -3
strcmp("sha384", "sha512")                       = -2
strcmp("sha3-224", "sha3-256")                   = -3
strcmp("sha3-512", "shake128")                   = -56
strcmp("sha3-384", "sha3-512")                   = -2
strcmp("sha3-224", "sha3-384")                   = -1
strcmp("sha3-256", "sha3-384")                   = -1
strcmp("sha256", "sha3-224")                     = -1
strcmp("sha384", "sha3-224")                     = 11
strcmp("sha384", "sha3-256")                     = 11
strcmp("sha384", "sha3-384")                     = 11
strcmp("sha384", "sha3-512")                     = 11
strcmp("sha384", "shake128")                     = -56
strcmp("sha512", "shake128")                     = -54
strcmp("sha512-224", "shake128")                 = -54
strcmp("sha512-256", "shake128")                 = -54
strcmp("shake256", "mdc2")                       = 6
strcmp("blake2b512", "blake2s256")               = -17
strcmp("rmd160", "blake2b512")                   = 16
strcmp("rmd160", "blake2s256")                   = 16
strcmp("mdc2", "blake2b512")                     = 11
strcmp("mdc2", "blake2s256")                     = 11
strcmp("mdc2", "rmd160")                         = -5
strcmp("shake256", "rmd160")                     = 1
strcmp("aes-192-cbc", "aes-192-ecb")             = -2
strcmp("aes-128-ecb", "aes-192-cbc")             = -7
strcmp("aes-128-cbc", "aes-128-ecb")             = -2
strcmp("blake2b512", "sm3")                      = -17
strcmp("blake2s256", "sm3")                      = -17
strcmp("mdc2", "sm3")                            = -6
strcmp("rmd160", "sm3")                          = -1
strcmp("shake256", "sm3")                        = -5
strcmp("sha256", "blake2b512")                   = 17
strcmp("sha256", "blake2s256")                   = 17
strcmp("sha256", "mdc2")                         = 6
strcmp("sha256", "rmd160")                       = 1
strcmp("sha256", "shake256")                     = -57
strcmp("sha3-224", "shake256")                   = -56
strcmp("sha3-256", "shake256")                   = -56
strcmp("sha3-384", "shake256")                   = -56
strcmp("sha3-512", "shake256")                   = -56
strcmp("sha384", "shake256")                     = -56
strcmp("sha512", "shake256")                     = -54
strcmp("sha512-224", "shake256")                 = -54
strcmp("sha512-256", "shake256")                 = -54
strcmp("shake128", "shake256")                   = -1
strcmp("md4", "blake2b512")                      = 11
strcmp("md4", "blake2s256")                      = 11
strcmp("md4", "mdc2")                            = -47
strcmp("md5", "mdc2")                            = -46
strcmp("sha1", "mdc2")                           = 6
strcmp("sha1", "rmd160")                         = 1
strcmp("sha1", "sha256")                         = -1
strcmp("sha224", "sha256")                       = -3
strcmp("asn1parse", "rsa")                       = -17
strcmp("ca", "rsa")                              = -15
strcmp("ciphers", "rsa")                         = -15
strcmp("cmp", "rsa")                             = -15
strcmp("cms", "rsa")                             = -15
strcmp("configutl", "rsa")                       = -15
strcmp("crl", "rsa")                             = -15
strcmp("crl2pkcs7", "rsa")                       = -15
strcmp("dgst", "rsa")                            = -14
strcmp("dhparam", "rsa")                         = -14
strcmp("dsa", "rsa")                             = -14
strcmp("dsaparam", "rsa")                        = -14
strcmp("ec", "rsa")                              = -13
strcmp("ecparam", "rsa")                         = -13
strcmp("enc", "rsa")                             = -13
strcmp("engine", "rsa")                          = -13
strcmp("errstr", "rsa")                          = -13
strcmp("fipsinstall", "rsa")                     = -12
strcmp("gendsa", "rsa")                          = -11
strcmp("genpkey", "rsa")                         = -11
strcmp("genrsa", "rsa")                          = -11
strcmp("help", "rsa")                            = -10
strcmp("info", "rsa")                            = -9
strcmp("kdf", "rsa")                             = -7
strcmp("list", "rsa")                            = -6
strcmp("mac", "rsa")                             = -5
strcmp("nseq", "rsa")                            = -4
strcmp("ocsp", "rsa")                            = -3
strcmp("passwd", "rsa")                          = -2
strcmp("pkcs12", "rsa")                          = -2
strcmp("pkcs7", "rsa")                           = -2
strcmp("pkcs8", "rsa")                           = -2
strcmp("pkey", "rsa")                            = -2
strcmp("pkeyparam", "rsa")                       = -2
strcmp("pkeyutl", "rsa")                         = -2
strcmp("prime", "rsa")                           = -2
strcmp("rand", "rsa")                            = -18
strcmp("rehash", "rsa")                          = -14
strcmp("req", "rsa")                             = -14
strcmp("aes-256-cbc", "aes-256-ecb")             = -2
strcmp("aria-128-cfb", "aria-128-ctr")           = -14
strcmp("aria-128-cbc", "aria-128-cfb")           = -4
strcmp("aes-256-cbc", "aria-128-cbc")            = -13
strcmp("aes-256-ecb", "aria-128-cbc")            = -13
strcmp("aria-128-ecb", "aria-128-ofb")           = -10
strcmp("aria-128-cfb8", "aria-192-cbc")          = -7
strcmp("aria-128-cfb1", "aria-128-cfb8")         = -7
strcmp("aria-128-ecb", "aria-128-cfb1")          = 2
strcmp("aria-128-ecb", "aria-128-cfb8")          = 2
strcmp("aria-128-ecb", "aria-192-cbc")           = -7
strcmp("aria-128-ofb", "aria-192-cbc")           = -7
strcmp("aes-256-cbc", "aria-128-cfb1")           = -13
strcmp("aes-256-ecb", "aria-128-cfb1")           = -13
strcmp("aria-128-cbc", "aria-128-cfb1")          = -4
strcmp("aria-128-cfb", "aria-128-cfb1")          = -49
strcmp("aria-128-ctr", "aria-128-cfb1")          = 14
strcmp("aria-128-ctr", "aria-128-cfb8")          = 14
strcmp("aria-128-ctr", "aria-128-ecb")           = -2
strcmp("aria-192-cfb", "aria-192-ctr")           = -14
strcmp("aria-192-ofb", "aria-192-cfb1")          = 12
strcmp("aria-192-ecb", "aria-192-cfb1")          = 2
strcmp("aria-192-ecb", "aria-192-ofb")           = -10
strcmp("aria-192-cfb", "aria-192-cfb1")          = -49
strcmp("aria-192-ctr", "aria-192-cfb1")          = 14
strcmp("aria-192-ctr", "aria-192-ecb")           = -2
strcmp("aria-192-cfb8", "aria-256-cbc")          = -1
strcmp("aria-256-ctr", "aria-256-ecb")           = -2
strcmp("aria-256-cfb", "aria-256-ctr")           = -14
strcmp("aria-192-cfb8", "aria-256-cfb")          = -1
strcmp("aria-256-cbc", "aria-256-cfb")           = -4
strcmp("aria-192-cfb", "aria-192-cfb8")          = -56
strcmp("aria-192-cfb1", "aria-192-cfb8")         = -7
strcmp("aria-192-ctr", "aria-192-cfb8")          = 14
strcmp("aria-192-ctr", "aria-256-cbc")           = -1
strcmp("aria-192-ecb", "aria-256-cbc")           = -1
strcmp("aria-192-ofb", "aria-256-cbc")           = -1
strcmp("aes-256-cbc", "aria-192-cfb")            = -13
strcmp("aes-256-ecb", "aria-192-cfb")            = -13
strcmp("aria-128-cbc", "aria-192-cfb")           = -7
strcmp("aria-128-cfb", "aria-192-cfb")           = -7
strcmp("aria-128-cfb1", "aria-192-cfb")          = -7
strcmp("aria-128-cfb8", "aria-192-cfb")          = -7
strcmp("aria-128-ctr", "aria-192-cfb")           = -7
strcmp("aria-128-ecb", "aria-192-cfb")           = -7
strcmp("aria-128-ofb", "aria-192-cfb")           = -7
strcmp("aria-192-cbc", "aria-192-cfb")           = -4
strcmp("aria-256-ofb", "aria-256-cfb1")          = 12
strcmp("camellia-128-cbc", "camellia-128-ecb")   = -2
strcmp("aria-256-cfb8", "camellia-128-cbc")      = -2
strcmp("aria-256-cfb1", "aria-256-cfb8")         = -7
strcmp("aria-256-ofb", "aria-256-cfb8")          = 12
strcmp("aria-256-ofb", "camellia-128-cbc")       = -2
strcmp("camellia-192-cbc", "camellia-192-ecb")   = -2
strcmp("camellia-256-ecb", "base64")             = 1
strcmp("camellia-256-cbc", "base64")             = 1
strcmp("camellia-256-cbc", "camellia-256-ecb")   = -2
strcmp("camellia-192-cbc", "base64")             = 1
strcmp("camellia-192-cbc", "camellia-256-cbc")   = -1
strcmp("camellia-192-ecb", "camellia-256-cbc")   = -1
strcmp("aria-256-cfb1", "base64")                = -1
strcmp("aria-256-cfb8", "base64")                = -1
strcmp("aria-256-ofb", "base64")                 = -1
strcmp("camellia-128-cbc", "base64")             = 1
strcmp("camellia-128-cbc", "camellia-192-cbc")   = -7
strcmp("camellia-128-ecb", "camellia-192-cbc")   = -7
strcmp("des", "des3")                            = -51
strcmp("idea", "seed")                           = -10
strcmp("desx", "idea")                           = -5
strcmp("des", "desx")                            = -120
strcmp("des3", "desx")                           = -69
strcmp("rc4", "rc4-40")                          = -45
strcmp("bf", "cast")                             = -1
strcmp("rc2", "bf")                              = 16
strcmp("rc2", "cast")                            = 15
strcmp("rc4", "bf")                              = 16
strcmp("rc4", "cast")                            = 15
strcmp("rc4", "rc2")                             = 2
strcmp("des", "bf")                              = 2
strcmp("des", "cast")                            = 1
strcmp("des", "rc2")                             = -14
strcmp("des3", "rc2")                            = -14
strcmp("desx", "rc2")                            = -14
strcmp("idea", "rc2")                            = -9
strcmp("seed", "rc2")                            = 1
strcmp("seed", "rc4")                            = 1
strcmp("seed", "rc4-40")                         = 1
strcmp("aria-256-cfb1", "bf")                    = -1
strcmp("aria-256-cfb8", "bf")                    = -1
strcmp("aria-256-ofb", "bf")                     = -1
strcmp("base64", "bf")                           = -5
strcmp("camellia-128-cbc", "bf")                 = 1
strcmp("camellia-128-cbc", "cast")               = -6
strcmp("camellia-128-ecb", "cast")               = -6
strcmp("camellia-192-cbc", "cast")               = -6
strcmp("camellia-192-ecb", "cast")               = -6
strcmp("camellia-256-cbc", "cast")               = -6
strcmp("camellia-256-ecb", "cast")               = -6
strcmp("aes-256-cbc", "aria-256-cfb1")           = -13
strcmp("aes-256-ecb", "aria-256-cfb1")           = -13
strcmp("aria-128-cbc", "aria-256-cfb1")          = -1
strcmp("aria-128-cfb", "aria-256-cfb1")          = -1
strcmp("aria-128-cfb1", "aria-256-cfb1")         = -1
strcmp("aria-128-cfb8", "aria-256-cfb1")         = -1
strcmp("aria-128-ctr", "aria-256-cfb1")          = -1
strcmp("aria-128-ecb", "aria-256-cfb1")          = -1
strcmp("aria-128-ofb", "aria-256-cfb1")          = -1
strcmp("aria-192-cbc", "aria-256-cfb1")          = -1
strcmp("aria-192-cfb", "aria-256-cfb1")          = -1
strcmp("aria-192-cfb1", "aria-256-cfb1")         = -1
strcmp("aria-192-cfb8", "aria-256-cfb1")         = -1
strcmp("aria-192-ctr", "aria-256-cfb1")          = -1
strcmp("aria-192-ecb", "aria-256-cfb1")          = -1
strcmp("aria-192-ofb", "aria-256-cfb1")          = -1
strcmp("aria-256-cbc", "aria-256-cfb1")          = -4
strcmp("aria-256-cfb", "aria-256-cfb1")          = -49
strcmp("aria-256-ctr", "aria-256-cfb1")          = 14
strcmp("aria-256-ctr", "aria-256-cfb8")          = 14
strcmp("aria-256-ctr", "aria-256-ofb")           = -12
strcmp("aria-256-ecb", "aria-256-ofb")           = -10
strcmp("des-ecb", "des-ede")                     = -1
strcmp("des-cbc", "des-ede-cbc")                 = -2
strcmp("des-ede3", "des-cbc")                    = 2
strcmp("des-ede3", "des-ede-cbc")                = 6
strcmp("des-ecb", "des-cbc")                     = 2
strcmp("des-ecb", "des-ede-cbc")                 = -1
strcmp("des-ede", "des-ede-cbc")                 = -45
strcmp("des-ede3-cbc", "des-cfb")                = 2
strcmp("des-ede3-cfb", "des-ofb")                = -10
strcmp("des-ede-cfb", "des-ede3-cfb")            = -6
strcmp("des-cfb", "des-ede-cfb")                 = -2
strcmp("des-ede3-cbc", "des-ede-cfb")            = 6
strcmp("des-ede3-cbc", "des-ede3-cfb")           = -4
strcmp("des-cbc", "des-cfb")                     = -4
strcmp("des-ecb", "des-cfb")                     = 2
strcmp("des-ecb", "des-ede-cfb")                 = -1
strcmp("des-ede", "des-ede-cfb")                 = -45
strcmp("des-ede-cbc", "des-ede-cfb")             = -4
strcmp("des-ede3", "des-ede-cfb")                = 6
strcmp("des-ede3", "des-ede3-cbc")               = -45
strcmp("des-ede-ofb", "des-ede3-ofb")            = -6
strcmp("idea-ecb", "idea-cfb")                   = 2
strcmp("idea-cbc", "idea-cfb")                   = -4
strcmp("des-ede-ofb", "idea-cbc")                = -5
strcmp("des-ede3-ofb", "idea-cbc")               = -5
strcmp("idea-ofb", "seed-cbc")                   = -10
strcmp("seed-cfb", "seed-ofb")                   = -12
strcmp("seed-ecb", "seed-cfb")                   = 2
strcmp("seed-ecb", "seed-ofb")                   = -10
strcmp("idea-ofb", "seed-cfb")                   = -10
strcmp("seed-cbc", "seed-cfb")                   = -4
strcmp("des-ede-ofb", "idea-ofb")                = -5
strcmp("des-ede3-ofb", "idea-ofb")               = -5
strcmp("idea-cbc", "idea-ofb")                   = -12
strcmp("idea-cfb", "idea-ofb")                   = -12
strcmp("idea-ecb", "idea-ofb")                   = -10
strcmp("des-cbc", "des-ede-ofb")                 = -2
strcmp("des-cfb", "des-ede-ofb")                 = -2
strcmp("des-ecb", "des-ede-ofb")                 = -1
strcmp("des-ede", "des-ede-ofb")                 = -45
strcmp("des-ede-cbc", "des-ede-ofb")             = -12
strcmp("des-ede-cfb", "des-ede-ofb")             = -12
strcmp("des-ede3", "des-ede-ofb")                = 6
strcmp("des-ede3", "des-ede3-ofb")               = -45
strcmp("des-ede3-cbc", "des-ede3-ofb")           = -12
strcmp("des-ede3-cfb", "des-ede3-ofb")           = -12
strcmp("des-ofb", "des-ede3-ofb")                = 10
strcmp("des-ofb", "idea-cbc")                    = -5
strcmp("rc2-cbc", "rc2-ecb")                     = -2
strcmp("rc2-ofb", "rc2-64-cbc")                  = 57
strcmp("rc2-cfb", "rc2-64-cbc")                  = 45
strcmp("rc2-cfb", "rc2-ofb")                     = -12
strcmp("rc2-cbc", "rc2-64-cbc")                  = 45
strcmp("rc2-cbc", "rc2-cfb")                     = -4
strcmp("rc2-ecb", "rc2-cfb")                     = 2
strcmp("rc2-ecb", "rc2-ofb")                     = -10
strcmp("rc2-40-cbc", "bf-cbc")                   = 16
strcmp("bf-cfb", "bf-ofb")                       = -12
strcmp("bf-ecb", "bf-cfb")                       = 2
strcmp("bf-ecb", "bf-ofb")                       = -10
strcmp("bf-cbc", "bf-cfb")                       = -4
strcmp("rc2-40-cbc", "bf-cfb")                   = 16
strcmp("rc2-40-cbc", "bf-ecb")                   = 16
strcmp("rc2-40-cbc", "bf-ofb")                   = 16
strcmp("rc2-64-cbc", "bf-cbc")                   = 16
strcmp("rc2-64-cbc", "bf-cfb")                   = 16
strcmp("rc2-64-cbc", "bf-ecb")                   = 16
strcmp("rc2-64-cbc", "bf-ofb")                   = 16
strcmp("rc2-64-cbc", "rc2-40-cbc")               = 2
strcmp("cast5-cbc", "cast5-ecb")                 = -2
strcmp("cast5-ofb", "cast-cbc")                  = 8
strcmp("cast5-cfb", "cast-cbc")                  = 8
strcmp("cast5-cfb", "cast5-ofb")                 = -12
strcmp("cast5-cbc", "cast-cbc")                  = 8
strcmp("cast5-cbc", "cast5-cfb")                 = -4
strcmp("cast5-ecb", "cast5-cfb")                 = 2
strcmp("cast5-ecb", "cast5-ofb")                 = -10
strcmp("sm4-cbc", "sm4-ecb")                     = -2
strcmp("sm4-ofb", "sm4-ctr")                     = 12
strcmp("sm4-cfb", "sm4-ctr")                     = -14
strcmp("sm4-cbc", "sm4-cfb")                     = -4
strcmp("sm4-ecb", "sm4-cfb")                     = 2
strcmp("sm4-ecb", "sm4-ctr")                     = 2
strcmp("sm4-ecb", "sm4-ofb")                     = -10
strcmp("cast-cbc", "sm4-cbc")                    = -16
strcmp("cast5-cbc", "sm4-cbc")                   = -16
strcmp("cast5-cfb", "sm4-cbc")                   = -16
strcmp("cast5-ecb", "sm4-cbc")                   = -16
strcmp("cast5-ofb", "sm4-cbc")                   = -16
strcmp("bf-cbc", "cast-cbc")                     = -1
strcmp("bf-cfb", "cast-cbc")                     = -1
strcmp("bf-ecb", "cast-cbc")                     = -1
strcmp("bf-ofb", "cast-cbc")                     = -1
strcmp("rc2-40-cbc", "cast-cbc")                 = 15
strcmp("rc2-40-cbc", "cast5-cbc")                = 15
strcmp("rc2-40-cbc", "cast5-cfb")                = 15
strcmp("rc2-40-cbc", "cast5-ecb")                = 15
strcmp("rc2-40-cbc", "cast5-ofb")                = 15
strcmp("rc2-40-cbc", "sm4-cbc")                  = -1
strcmp("rc2-64-cbc", "sm4-cbc")                  = -1
strcmp("rc2-cbc", "sm4-cbc")                     = -1
strcmp("rc2-cfb", "sm4-cbc")                     = -1
strcmp("rc2-ecb", "sm4-cbc")                     = -1
strcmp("rc2-ofb", "sm4-cbc")                     = -1
strcmp("des-cbc", "bf-cbc")                      = 2
strcmp("des-cbc", "bf-cfb")                      = 2
strcmp("des-cbc", "bf-ecb")                      = 2
strcmp("des-cbc", "bf-ofb")                      = 2
strcmp("des-cbc", "cast-cbc")                    = 1
strcmp("des-cbc", "cast5-cbc")                   = 1
strcmp("des-cbc", "cast5-cfb")                   = 1
strcmp("des-cbc", "cast5-ecb")                   = 1
strcmp("des-cbc", "cast5-ofb")                   = 1
strcmp("des-cbc", "rc2-40-cbc")                  = -14
strcmp("des-cfb", "rc2-40-cbc")                  = -14
strcmp("des-ecb", "rc2-40-cbc")                  = -14
strcmp("des-ede", "rc2-40-cbc")                  = -14
strcmp("des-ede-cbc", "rc2-40-cbc")              = -14
strcmp("des-ede-cfb", "rc2-40-cbc")              = -14
strcmp("des-ede-ofb", "rc2-40-cbc")              = -14
strcmp("des-ede3", "rc2-40-cbc")                 = -14
strcmp("des-ede3-cbc", "rc2-40-cbc")             = -14
strcmp("des-ede3-cfb", "rc2-40-cbc")             = -14
strcmp("des-ede3-ofb", "rc2-40-cbc")             = -14
strcmp("des-ofb", "rc2-40-cbc")                  = -14
strcmp("idea-cbc", "rc2-40-cbc")                 = -9
strcmp("idea-cfb", "rc2-40-cbc")                 = -9
strcmp("idea-ecb", "rc2-40-cbc")                 = -9
strcmp("idea-ofb", "rc2-40-cbc")                 = -9
strcmp("seed-cbc", "rc2-40-cbc")                 = 1
strcmp("seed-cbc", "rc2-64-cbc")                 = 1
strcmp("seed-cbc", "rc2-cbc")                    = 1
strcmp("seed-cbc", "rc2-cfb")                    = 1
strcmp("seed-cbc", "rc2-ecb")                    = 1
strcmp("seed-cbc", "rc2-ofb")                    = 1
strcmp("seed-cbc", "sm4-cbc")                    = -8
strcmp("seed-cfb", "sm4-cbc")                    = -8
strcmp("seed-ecb", "sm4-cbc")                    = -8
strcmp("seed-ofb", "sm4-cbc")                    = -8
strcmp("aes-256-cbc", "bf-cbc")                  = -1
strcmp("aes-256-ecb", "bf-cbc")                  = -1
strcmp("aria-128-cbc", "bf-cbc")                 = -1
strcmp("aria-128-cfb", "bf-cbc")                 = -1
strcmp("aria-128-cfb1", "bf-cbc")                = -1
strcmp("aria-128-cfb8", "bf-cbc")                = -1
strcmp("aria-128-ctr", "bf-cbc")                 = -1
strcmp("aria-128-ecb", "bf-cbc")                 = -1
strcmp("aria-128-ofb", "bf-cbc")                 = -1
strcmp("aria-192-cbc", "bf-cbc")                 = -1
strcmp("aria-192-cfb", "bf-cbc")                 = -1
strcmp("aria-192-cfb1", "bf-cbc")                = -1
strcmp("aria-192-cfb8", "bf-cbc")                = -1
strcmp("aria-192-ctr", "bf-cbc")                 = -1
strcmp("aria-192-ecb", "bf-cbc")                 = -1
strcmp("aria-192-ofb", "bf-cbc")                 = -1
strcmp("aria-256-cbc", "bf-cbc")                 = -1
strcmp("aria-256-cfb", "bf-cbc")                 = -1
strcmp("aria-256-cfb1", "bf-cbc")                = -1
strcmp("aria-256-cfb8", "bf-cbc")                = -1
strcmp("aria-256-ctr", "bf-cbc")                 = -1
strcmp("aria-256-ecb", "bf-cbc")                 = -1
strcmp("aria-256-ofb", "bf-cbc")                 = -1
strcmp("base64", "bf-cbc")                       = -5
strcmp("bf", "bf-cbc")                           = -45
strcmp("camellia-128-cbc", "bf-cbc")             = 1
strcmp("camellia-128-cbc", "bf-cfb")             = 1
strcmp("camellia-128-cbc", "bf-ecb")             = 1
strcmp("camellia-128-cbc", "bf-ofb")             = 1
strcmp("camellia-128-cbc", "cast-cbc")           = -6
strcmp("camellia-128-ecb", "cast-cbc")           = -6
strcmp("camellia-192-cbc", "cast-cbc")           = -6
strcmp("camellia-192-ecb", "cast-cbc")           = -6
strcmp("camellia-256-cbc", "cast-cbc")           = -6
strcmp("camellia-256-ecb", "cast-cbc")           = -6
strcmp("cast", "cast-cbc")                       = -45
strcmp("des", "cast-cbc")                        = 1
strcmp("des", "cast5-cbc")                       = 1
strcmp("des", "cast5-cfb")                       = 1
strcmp("des", "cast5-ecb")                       = 1
strcmp("des", "cast5-ofb")                       = 1
strcmp("des", "des-cbc")                         = -45
strcmp("des3", "des-cbc")                        = 6
strcmp("des3", "des-cfb")                        = 6
strcmp("des3", "des-ecb")                        = 6
strcmp("des3", "des-ede")                        = 6
strcmp("des3", "des-ede-cbc")                    = 6
strcmp("des3", "des-ede-cfb")                    = 6
strcmp("des3", "des-ede-ofb")                    = 6
strcmp("des3", "des-ede3")                       = 6
strcmp("des3", "des-ede3-cbc")                   = 6
strcmp("des3", "des-ede3-cfb")                   = 6
strcmp("des3", "des-ede3-ofb")                   = 6
strcmp("des3", "des-ofb")                        = 6
strcmp("des3", "idea-cbc")                       = -5
strcmp("desx", "idea-cbc")                       = -5
strcmp("idea", "idea-cbc")                       = -45
strcmp("rc2", "idea-cbc")                        = 9
strcmp("rc2", "idea-cfb")                        = 9
strcmp("rc2", "idea-ecb")                        = 9
strcmp("rc2", "idea-ofb")                        = 9
strcmp("rc2", "rc2-40-cbc")                      = -45
strcmp("rc4", "rc2-40-cbc")                      = 2
strcmp("rc4", "rc2-64-cbc")                      = 2
strcmp("rc4", "rc2-cbc")                         = 2
strcmp("rc4", "rc2-cfb")                         = 2
strcmp("rc4", "rc2-ecb")                         = 2
strcmp("rc4", "rc2-ofb")                         = 2
strcmp("rc4", "seed-cbc")                        = -1
strcmp("rc4-40", "seed-cbc")                     = -1
strcmp("seed", "seed-cbc")                       = -45
strcmp("aes-128-cbc", "aes-256-cbc")             = -1
strcmp("aes-128-ecb", "aes-256-cbc")             = -1
strcmp("aes-192-cbc", "aes-256-cbc")             = -1
strcmp("aes-192-ecb", "aes-256-cbc")             = -1
<... qsort resumed> )                            = <void>
OPENSSL_LH_new(0x555ad6481b80, 0x555ad6481b60, 0xc231, 0x555b095ae800) = 0x555b095adde0
OPENSSL_LH_set_thunks(0x555b095adde0, 0x555ad6481b20, 0x555ad6481b30, 0x555ad6481b40) = 0x555b095adde0
OPENSSL_LH_insert(0x555b095adde0, 0x555ad651a520, 0x555ad6481b30, 0x555ad6481b40 <unfinished ...>
OPENSSL_LH_strhash(0x555ad64d77c2, 0x555ad6481b80, 0x7ffd8a5c0f70, 0x555ad6481b40) = 0x22b57d55
<... OPENSSL_LH_insert resumed> )                = 0
OPENSSL_LH_insert(0x555b095adde0, 0x555ad651a550, 0, 0x555b09599010 <unfinished ...>
OPENSSL_LH_strhash(0x555ad64dddbf, 0x555ad6481b80, 0x7ffd8a5c0f70, 0x555b09599010) = 0x3dd391c
<... OPENSSL_LH_insert resumed> )                = 0
OPENSSL_LH_insert(0x555b095adde0, 0x555ad651a580, 0, 0x555b09599010 <unfinished ...>
OPENSSL_LH_strhash(0x555ad64d2ef2, 0x555ad6481b80, 0x7ffd8a5c0f70, 0x555b09599010) = 0x318a6a5a
<... OPENSSL_LH_insert resumed> )                = 0
OPENSSL_LH_insert(0x555b095adde0, 0x555ad651a5b0, 0, 0x555b09599010 <unfinished ...>
OPENSSL_LH_strhash(0x555ad64d316a, 0x555ad6481b80, 0x7ffd8a5c0f70, 0x555b09599010) = 0xef09ae0e
<... OPENSSL_LH_insert resumed> )                = 0
OPENSSL_LH_insert(0x555b095adde0, 0x555ad651a5e0, 0, 0x555b09599010 <unfinished ...>
OPENSSL_LH_strhash(0x555ad64d7972, 0x555ad6481b80, 0x7ffd8a5c0f70, 0x555b09599010) = 0x781f1d89
<... OPENSSL_LH_insert resumed> )                = 0
OPENSSL_LH_insert(0x555b095adde0, 0x555ad651a610, 0, 33 <unfinished ...>
OPENSSL_LH_strhash(0x555ad64d7976, 0x555ad6481b80, 0x7ffd8a5c0f70, 33) = 0x8c784bb7
<... OPENSSL_LH_insert resumed> )                = 0
OPENSSL_LH_insert(0x555b095adde0, 0x555ad651a640, 0, 33 <unfinished ...>
OPENSSL_LH_strhash(0x555ad64d3953, 0x555ad6481b80, 0x7ffd8a5c0f70, 33) = 0x8bd65c7b
<... OPENSSL_LH_insert resumed> )                = 0
OPENSSL_LH_insert(0x555b095adde0, 0x555ad651a670, 0, 33 <unfinished ...>
OPENSSL_LH_strhash(0x555ad64d7980, 0x555ad6481b80, 0x7ffd8a5c0f70, 33) = 0x7898180d
<... OPENSSL_LH_insert resumed> )                = 0
OPENSSL_LH_insert(0x555b095adde0, 0x555ad651a6a0, 0, 33 <unfinished ...>
OPENSSL_LH_strhash(0x555ad64d798a, 0x555ad6481b80, 0x7ffd8a5c0f70, 33) = 0x66a321f6
<... OPENSSL_LH_insert resumed> )                = 0
OPENSSL_LH_insert(0x555b095adde0, 0x555ad651a6d0, 0, 33 <unfinished ...>
OPENSSL_LH_strhash(0x555ad64d798f, 0x555ad6481b80, 0x7ffd8a5c0f70, 33) = 0x238f1239
<... OPENSSL_LH_insert resumed> )                = 0
OPENSSL_LH_insert(0x555b095adde0, 0x555ad651a700, 0, 33 <unfinished ...>
OPENSSL_LH_strhash(0x555ad64dabdf, 0x555ad6481b80, 0x7ffd8a5c0f70, 33) = 0x1bf422da
<... OPENSSL_LH_insert resumed> )                = 0
OPENSSL_LH_insert(0x555b095adde0, 0x555ad651a730, 0, 33 <unfinished ...>
OPENSSL_LH_strhash(0x555ad64d478b, 0x555ad6481b80, 0x7ffd8a5c0f70, 33) = 0x8eff4da
<... OPENSSL_LH_insert resumed> )                = 0
OPENSSL_LH_insert(0x555b095adde0, 0x555ad651a760, 0, 33 <unfinished ...>
OPENSSL_LH_strhash(0x555ad64dd326, 0x555ad6481b80, 0x7ffd8a5c0f70, 33) = 0xf8b75c2
<... OPENSSL_LH_insert resumed> )                = 0
OPENSSL_LH_insert(0x555b095adde0, 0x555ad651a790, 0, 33 <unfinished ...>
OPENSSL_LH_strhash(0x555ad64d7997, 0x555ad6481b80, 0x7ffd8a5c0f70, 33) = 0x12ab1d39
<... OPENSSL_LH_insert resumed> )                = 0
OPENSSL_LH_insert(0x555b095adde0, 0x555ad651a7c0, 0, 33 <unfinished ...>
OPENSSL_LH_strhash(0x555ad64d7501, 0x555ad6481b80, 0x7ffd8a5c0f70, 33) = 0xdee886a0
<... OPENSSL_LH_insert resumed> )                = 0
OPENSSL_LH_insert(0x555b095adde0, 0x555ad651a7f0, 0, 33 <unfinished ...>
OPENSSL_LH_strhash(0x555ad64dcaf6, 0x555ad6481b80, 0x7ffd8a5c0f70, 33) = 0x641d496
<... OPENSSL_LH_insert resumed> )                = 0
OPENSSL_LH_insert(0x555b095adde0, 0x555ad651a820, 0, 33 <unfinished ...>
OPENSSL_LH_strhash(0x555ad64d799f, 0x555ad6481b80, 0x7ffd8a5c0f70, 0x555b095ae020) = 0x153de020
<... OPENSSL_LH_insert resumed> )                = 0
OPENSSL_LH_insert(0x555b095adde0, 0x555ad651a850, 0, 33 <unfinished ...>
OPENSSL_LH_strhash(0x555ad64d79a6, 0x555ad6481b80, 0x7ffd8a5c0f70, 33) = 0x749ecd3
<... OPENSSL_LH_insert resumed> )                = 0
OPENSSL_LH_insert(0x555b095adde0, 0x555ad651a880, 0, 33 <unfinished ...>
OPENSSL_LH_strhash(0x555ad64d79b2, 0x555ad6481b80, 0x7ffd8a5c0f70, 0) = 0xe09c1de7
<... OPENSSL_LH_insert resumed> )                = 0
OPENSSL_LH_insert(0x555b095adde0, 0x555ad651a8b0, 0, 33 <unfinished ...>
OPENSSL_LH_strhash(0x555ad64d79b9, 0x555ad6481b80, 0x7ffd8a5c0f70, 33) = 0x3fd0bdd7
<... OPENSSL_LH_insert resumed> )                = 0
OPENSSL_LH_insert(0x555b095adde0, 0x555ad651a8e0, 0, 33 <unfinished ...>
OPENSSL_LH_strhash(0x555ad64d79c1, 0x555ad6481b80, 0x7ffd8a5c0f70, 0x555b095adfe0) = 0x68e5801d
<... OPENSSL_LH_insert resumed> )                = 0
OPENSSL_LH_insert(0x555b095adde0, 0x555ad651a910, 0, 33 <unfinished ...>
OPENSSL_LH_strhash(0x555ad64d6bb3, 0x555ad6481b80, 0x7ffd8a5c0f70, 33) = 0x6582298f
<... OPENSSL_LH_insert resumed> )                = 0
OPENSSL_LH_insert(0x555b095adde0, 0x555ad651a940, 0, 33 <unfinished ...>
OPENSSL_LH_strhash(0x555ad64d46e7, 0x555ad6481b80, 0x7ffd8a5c0f70, 0x555b095ae080) = 0x2b8b4838
<... OPENSSL_LH_insert resumed> )                = 0
OPENSSL_LH_insert(0x555b095adde0, 0x555ad651a970, 0, 33 <unfinished ...>
OPENSSL_LH_strhash(0x555ad64d7807, 0x555ad6481b80, 0x7ffd8a5c0f70, 33) = 0x4b83e70e
<... OPENSSL_LH_insert resumed> )                = 0
OPENSSL_LH_insert(0x555b095adde0, 0x555ad651a9a0, 0, 33 <unfinished ...>
OPENSSL_LH_strhash(0x555ad64d4f07, 0x555ad6481b80, 0x7ffd8a5c0f70, 0) = 0x86d815ab
<... OPENSSL_LH_insert resumed> )                = 0
OPENSSL_LH_insert(0x555b095adde0, 0x555ad651a9d0, 0, 33 <unfinished ...>
OPENSSL_LH_strhash(0x555ad64d5431, 0x555ad6481b80, 0x7ffd8a5c0f70, 33) = 0xabdddbb4
<... OPENSSL_LH_insert resumed> )                = 0
OPENSSL_LH_insert(0x555b095adde0, 0x555ad651aa00, 0, 33 <unfinished ...>
OPENSSL_LH_strhash(0x555ad64d79c8, 0x555ad6481b80, 0x7ffd8a5c0f70, 0) = 0x20a3f6bc
<... OPENSSL_LH_insert resumed> )                = 0
OPENSSL_LH_insert(0x555b095adde0, 0x555ad651aa30, 0, 33 <unfinished ...>
OPENSSL_LH_strhash(0x555ad64d79cd, 0x555ad6481b80, 0x7ffd8a5c0f70, 33) = 0xf6ca7218
<... OPENSSL_LH_insert resumed> )                = 0
OPENSSL_LH_insert(0x555b095adde0, 0x555ad651aa60, 0, 33 <unfinished ...>
OPENSSL_LH_strhash(0x555ad64d79d2, 0x555ad6481b80, 0x7ffd8a5c0f70, 0) = 0x75db6598
<... OPENSSL_LH_insert resumed> )                = 0
OPENSSL_LH_insert(0x555b095adde0, 0x555ad651aa90, 0, 33 <unfinished ...>
OPENSSL_LH_strhash(0x555ad64d79d9, 0x555ad6481b80, 0x7ffd8a5c0f70, 33) = 0x8e3f159f
<... OPENSSL_LH_insert resumed> )                = 0
OPENSSL_LH_insert(0x555b095adde0, 0x555ad651aac0, 0, 33 <unfinished ...>
OPENSSL_LH_strhash(0x555ad64d7984, 0x555ad6481b80, 0x7ffd8a5c0f70, 0) = 0xdd2af59b
<... OPENSSL_LH_insert resumed> )                = 0
OPENSSL_LH_insert(0x555b095adde0, 0x555ad651aaf0, 0, 33 <unfinished ...>
OPENSSL_LH_strhash(0x555ad64d79e0, 0x555ad6481b80, 0x7ffd8a5c0f70, 33) = 0xdc8201e
<... OPENSSL_LH_insert resumed> )                = 0
OPENSSL_LH_insert(0x555b095adde0, 0x555ad651ab20, 0, 33 <unfinished ...>
OPENSSL_LH_strhash(0x555ad64d79bc, 0x555ad6481b80, 0x7ffd8a5c0f70, 0x555b095ae060) = 0xd01e3da0
<... OPENSSL_LH_insert resumed> )                = 0
OPENSSL_LH_insert(0x555b095adde0, 0x555ad651ab50, 0, 33 <unfinished ...>
OPENSSL_LH_strhash(0x555ad64d79e6, 0x555ad6481b80, 0x7ffd8a5c0f70, 33) = 0x372dc97c
<... OPENSSL_LH_insert resumed> )                = 0
OPENSSL_LH_insert(0x555b095adde0, 0x555ad651ab80, 0, 33 <unfinished ...>
OPENSSL_LH_strhash(0x555ad64d79f0, 0x555ad6481b80, 0x7ffd8a5c0f70, 0) = 0x6d4c2e2c
<... OPENSSL_LH_insert resumed> )                = 0
OPENSSL_LH_insert(0x555b095adde0, 0x555ad651abb0, 0, 33 <unfinished ...>
OPENSSL_LH_strhash(0x555ad64d7967, 0x555ad6481b80, 0x7ffd8a5c0f70, 33) = 0xe5afe4e6
<... OPENSSL_LH_insert resumed> )                = 0
OPENSSL_LH_insert(0x555b095adde0, 0x555ad651abe0, 0, 33 <unfinished ...>
OPENSSL_LH_strhash(0x555ad64d2de2, 0x555ad6481b80, 0x7ffd8a5c0f70, 0x555b095adfe0) = 0xfb7f2cce
<... OPENSSL_LH_insert resumed> )                = 0
OPENSSL_LH_insert(0x555b095adde0, 0x555ad651ac10, 0, 33 <unfinished ...>
OPENSSL_LH_strhash(0x555ad64d79f8, 0x555ad6481b80, 0x7ffd8a5c0f70, 33) = 0xcbcbb6dd
<... OPENSSL_LH_insert resumed> )                = 0
OPENSSL_LH_insert(0x555b095adde0, 0x555ad651ac40, 0, 33 <unfinished ...>
OPENSSL_LH_strhash(0x555ad64d889f, 0x555ad6481b80, 0x7ffd8a5c0f70, 0) = 0x3f70ccbc
<... OPENSSL_LH_insert resumed> )                = 0
OPENSSL_LH_insert(0x555b095adde0, 0x555ad651ac70, 0, 33 <unfinished ...>
OPENSSL_LH_strhash(0x555ad64d79c4, 0x555ad6481b80, 0x7ffd8a5c0f70, 33) = 0xcff4f523
<... OPENSSL_LH_insert resumed> )                = 0
OPENSSL_LH_insert(0x555b095adde0, 0x555ad651aca0, 0, 33 <unfinished ...>
OPENSSL_LH_strhash(0x555ad64d79ff, 0x555ad6481b80, 0x7ffd8a5c0f70, 0) = 0x44185f8
<... OPENSSL_LH_insert resumed> )                = 0
OPENSSL_LH_insert(0x555b095adde0, 0x555ad651acd0, 0, 33 <unfinished ...>
OPENSSL_LH_strhash(0x555ad64d7a06, 0x555ad6481b80, 0x7ffd8a5c0f70, 33) = 0x942b4e0
<... OPENSSL_LH_insert resumed> )                = 0
OPENSSL_LH_insert(0x555b095adde0, 0x555ad651ad00, 0, 33 <unfinished ...>
OPENSSL_LH_strhash(0x555ad64d7a0f, 0x555ad6481b80, 0x7ffd8a5c0f70, 0) = 0xcbd815a1
<... OPENSSL_LH_insert resumed> )                = 0
OPENSSL_LH_insert(0x555b095adde0, 0x555ad651ad30, 0, 33 <unfinished ...>
OPENSSL_LH_strhash(0x555ad64d7a18, 0x555ad6481b80, 0x7ffd8a5c0f70, 33) = 0xc9edb695
<... OPENSSL_LH_insert resumed> )                = 0
OPENSSL_LH_insert(0x555b095adde0, 0x555ad651ad60, 0, 33 <unfinished ...>
OPENSSL_LH_strhash(0x555ad64d7a1f, 0x555ad6481b80, 0x7ffd8a5c0f70, 0x555b095ae3d0) = 0xa12fbea7
<... OPENSSL_LH_insert resumed> )                = 0
OPENSSL_LH_insert(0x555b095adde0, 0x555ad651ad90, 0, 33 <unfinished ...>
OPENSSL_LH_strhash(0x555ad64d7a27, 0x555ad6481b80, 0x7ffd8a5c0f70, 33) = 0x6dc6bea6
<... OPENSSL_LH_insert resumed> )                = 0
OPENSSL_LH_insert(0x555b095adde0, 0x555ad651adc0, 0, 33 <unfinished ...>
OPENSSL_LH_strhash(0x555ad64d7a2f, 0x555ad6481b80, 0x7ffd8a5c0f70, 0x555b095ae4f0) = 0xb81f2198
<... OPENSSL_LH_insert resumed> )                = 0
OPENSSL_LH_insert(0x555b095adde0, 0x555ad651adf0, 0, 33 <unfinished ...>
OPENSSL_LH_strhash(0x555ad64d7a35, 0x555ad6481b80, 0x7ffd8a5c0f70, 33) = 0xe80af017
<... OPENSSL_LH_insert resumed> )                = 0
OPENSSL_LH_insert(0x555b095adde0, 0x555ad651ae20, 0, 33 <unfinished ...>
OPENSSL_LH_strhash(0x555ad64d2b8c, 0x555ad6481b80, 0x7ffd8a5c0f70, 0) = 0x52ef6df0
<... OPENSSL_LH_insert resumed> )                = 0
OPENSSL_LH_insert(0x555b095adde0, 0x555ad651ae50, 0, 33 <unfinished ...>
OPENSSL_LH_strhash(0x555ad64db585, 0x555ad6481b80, 0x7ffd8a5c0f70, 33) = 0xfba762c1
<... OPENSSL_LH_insert resumed> )                = 0
OPENSSL_LH_insert(0x555b095adde0, 0x555ad651ae80, 0, 33 <unfinished ...>
OPENSSL_LH_strhash(0x555ad64d7a3b, 0x555ad6481b80, 0x7ffd8a5c0f70, 0x555b095adee0) = 0xfe4067da
<... OPENSSL_LH_insert resumed> )                = 0
OPENSSL_LH_insert(0x555b095adde0, 0x555ad651aeb0, 0, 33 <unfinished ...>
OPENSSL_LH_strhash(0x555ad64dda1b, 0x555ad6481b80, 0x7ffd8a5c0f70, 33) = 0xe4df1e5
<... OPENSSL_LH_insert resumed> )                = 0
OPENSSL_LH_insert(0x555b095adde0, 0x555ad651aee0, 0, 33 <unfinished ...>
OPENSSL_LH_strhash(0x555ad64dad7c, 0x555ad6481b80, 0x7ffd8a5c0f70, 0) = 0x53061bc7
<... OPENSSL_LH_insert resumed> )                = 0
OPENSSL_LH_insert(0x555b095adde0, 0x555ad651af10, 0, 33 <unfinished ...>
OPENSSL_LH_strhash(0x555ad64da125, 0x555ad6481b80, 0x7ffd8a5c0f70, 33) = 0x64dc8d0b
<... OPENSSL_LH_insert resumed> )                = 0
OPENSSL_LH_insert(0x555b095adde0, 0x555ad651af40, 0, 33 <unfinished ...>
OPENSSL_LH_strhash(0x555ad64d7a44, 0x555ad6481b80, 0x7ffd8a5c0f70, 0x555b095ae610) = 0xf2cdb718
<... OPENSSL_LH_insert resumed> )                = 0
OPENSSL_LH_insert(0x555b095adde0, 0x555ad651af70, 0, 33 <unfinished ...>
OPENSSL_LH_strhash(0x555ad64d7aac, 0x555ad6481b80, 0x7ffd8a5c0f70, 33) = 0xeeb9bd37
<... OPENSSL_LH_insert resumed> )                = 0
OPENSSL_LH_insert(0x555b095adde0, 0x555ad651afa0, 0, 33 <unfinished ...>
OPENSSL_LH_strhash(0x555ad64d7ab7, 0x555ad6481b80, 0x7ffd8a5c0f70, 0) = 0x2586f2ea
<... OPENSSL_LH_insert resumed> )                = 0
OPENSSL_LH_insert(0x555b095adde0, 0x555ad651afd0, 0, 33 <unfinished ...>
OPENSSL_LH_strhash(0x555ad64d7a49, 0x555ad6481b80, 0x7ffd8a5c0f70, 33) = 0x11247336
<... OPENSSL_LH_insert resumed> )                = 0
OPENSSL_LH_insert(0x555b095adde0, 0x555ad651b000, 0, 33 <unfinished ...>
OPENSSL_LH_strhash(0x555ad64d6cfb, 0x555ad6481b80, 0x7ffd8a5c0f70, 0) = 0x89d5025
<... OPENSSL_LH_insert resumed> )                = 0
OPENSSL_LH_insert(0x555b095adde0, 0x555ad651b030, 0, 33 <unfinished ...>
OPENSSL_LH_strhash(0x555ad64d7aa0, 0x555ad6481b80, 0x7ffd8a5c0f70, 33) = 0xfe813669
<... OPENSSL_LH_insert resumed> )                = 0
OPENSSL_LH_insert(0x555b095adde0, 0x555ad651b060, 0, 33 <unfinished ...>
OPENSSL_LH_strhash(0x555ad64d7aa5, 0x555ad6481b80, 0x7ffd8a5c0f70, 0x555b095ae3f0) = 0xa4b5557c
<... OPENSSL_LH_insert resumed> )                = 0
OPENSSL_LH_insert(0x555b095adde0, 0x555ad651b090, 0, 33 <unfinished ...>
OPENSSL_LH_strhash(0x555ad64dd886, 0x555ad6481b80, 0x7ffd8a5c0f70, 33) = 0x5449e642
<... OPENSSL_LH_insert resumed> )                = 0
OPENSSL_LH_insert(0x555b095adde0, 0x555ad651b0c0, 0, 33 <unfinished ...>
OPENSSL_LH_strhash(0x555ad64d7a4d, 0x555ad6481b80, 0x7ffd8a5c0f70, 0x555b095ae100) = 0xbd891ff6
<... OPENSSL_LH_insert resumed> )                = 0
OPENSSL_LH_insert(0x555b095adde0, 0x555ad651b0f0, 0, 33 <unfinished ...>
OPENSSL_LH_strhash(0x555ad64d2cab, 0x555ad6481b80, 0x7ffd8a5c0f70, 33) = 0x20443e2e
<... OPENSSL_LH_insert resumed> )                = 0
OPENSSL_LH_insert(0x555b095adde0, 0x555ad651b120, 0, 33 <unfinished ...>
OPENSSL_LH_strhash(0x555ad64d7a6a, 0x555ad6481b80, 0x7ffd8a5c0f70, 0) = 0xfede1e6
<... OPENSSL_LH_insert resumed> )                = 0
OPENSSL_LH_insert(0x555b095adde0, 0x555ad651b150, 0, 33 <unfinished ...>
OPENSSL_LH_strhash(0x555ad64d7a73, 0x555ad6481b80, 0x7ffd8a5c0f70, 33) = 0x2946d8ea
<... OPENSSL_LH_insert resumed> )                = 0
OPENSSL_LH_insert(0x555b095adde0, 0x555ad651b180, 0, 33 <unfinished ...>
OPENSSL_LH_strhash(0x555ad64d7a7c, 0x555ad6481b80, 0x7ffd8a5c0f70, 0x555b095ae590) = 0x87b0887
<... OPENSSL_LH_insert resumed> )                = 0
OPENSSL_LH_insert(0x555b095adde0, 0x555ad651b1b0, 0, 33 <unfinished ...>
OPENSSL_LH_strhash(0x555ad64d7a85, 0x555ad6481b80, 0x7ffd8a5c0f70, 33) = 0xc713d506
<... OPENSSL_LH_insert resumed> )                = 0
OPENSSL_LH_insert(0x555b095adde0, 0x555ad651b1e0, 0, 33 <unfinished ...>
OPENSSL_LH_strhash(0x555ad64dd070, 0x555ad6481b80, 0x7ffd8a5c0f70, 0x555b095ae710) = 0xa19e73b6
<... OPENSSL_LH_insert resumed> )                = 0
OPENSSL_LH_insert(0x555b095adde0, 0x555ad651b210, 0, 33 <unfinished ...>
OPENSSL_LH_strhash(0x555ad64dd907, 0x555ad6481b80, 0x7ffd8a5c0f70, 33) = 0xae6b1436
<... OPENSSL_LH_insert resumed> )                = 0
OPENSSL_LH_insert(0x555b095adde0, 0x555ad651b240, 0, 33 <unfinished ...>
OPENSSL_LH_strhash(0x555ad64d7a54, 0x555ad6481b80, 0x7ffd8a5c0f70, 0) = 0x10cef399
<... OPENSSL_LH_insert resumed> )                = 0
OPENSSL_LH_insert(0x555b095adde0, 0x555ad651b270, 0, 33 <unfinished ...>
OPENSSL_LH_strhash(0x555ad64d7a5f, 0x555ad6481b80, 0x7ffd8a5c0f70, 33) = 0xddd481ae
<... OPENSSL_LH_insert resumed> )                = 0
OPENSSL_LH_insert(0x555b095adde0, 0x555ad651b2a0, 0, 33 <unfinished ...>
OPENSSL_LH_strhash(0x555ad64d7a8e, 0x555ad6481b80, 0x7ffd8a5c0f70, 0) = 0x82bf28fe
<... OPENSSL_LH_insert resumed> )                = 0
OPENSSL_LH_insert(0x555b095adde0, 0x555ad651b2d0, 0, 33 <unfinished ...>
OPENSSL_LH_strhash(0x555ad64d7a97, 0x555ad6481b80, 0x7ffd8a5c0f70, 33) = 0x49f9becb
<... OPENSSL_LH_insert resumed> )                = 0
OPENSSL_LH_insert(0x555b095adde0, 0x555ad651b300, 0, 33 <unfinished ...>
OPENSSL_LH_strhash(0x555ad64d7ac2, 0x555ad6481b80, 0x7ffd8a5c0f70, 0) = 0xc41e7876
<... OPENSSL_LH_insert resumed> )                = 0
OPENSSL_LH_insert(0x555b095adde0, 0x555ad651b330, 0, 33 <unfinished ...>
OPENSSL_LH_strhash(0x555ad64d7ac6, 0x555ad6481b80, 0x7ffd8a5c0f70, 33) = 0xdd70fc23
<... OPENSSL_LH_insert resumed> )                = 0
OPENSSL_LH_insert(0x555b095adde0, 0x555ad651b360, 0, 33 <unfinished ...>
OPENSSL_LH_strhash(0x555ad64d7ad2, 0x555ad6481b80, 0x7ffd8a5c0f70, 0x555b095ae9e0) = 0x81537bea
<... OPENSSL_LH_insert resumed> )                = 0
OPENSSL_LH_insert(0x555b095adde0, 0x555ad651b390, 0, 33 <unfinished ...>
OPENSSL_LH_strhash(0x555ad64d7ade, 0x555ad6481b80, 0x7ffd8a5c0f70, 33) = 0x93a6ff8f
<... OPENSSL_LH_insert resumed> )                = 0
OPENSSL_LH_insert(0x555b095adde0, 0x555ad651b3c0, 0, 33 <unfinished ...>
OPENSSL_LH_strhash(0x555ad64d7aea, 0x555ad6481b80, 0x7ffd8a5c0f70, 0x555b095ae9c0) = 0x1cff7cb2
<... OPENSSL_LH_insert resumed> )                = 0
OPENSSL_LH_insert(0x555b095adde0, 0x555ad651b3f0, 0, 33 <unfinished ...>
OPENSSL_LH_strhash(0x555ad64d7af6, 0x555ad6481b80, 0x7ffd8a5c0f70, 33) = 0xbb664d4c
<... OPENSSL_LH_insert resumed> )                = 0
OPENSSL_LH_insert(0x555b095adde0, 0x555ad651b420, 0, 33 <unfinished ...>
OPENSSL_LH_strhash(0x555ad64d7b02, 0x555ad6481b80, 0x7ffd8a5c0f70, 0) = 0x4d7e1935
<... OPENSSL_LH_insert resumed> )                = 0
OPENSSL_LH_insert(0x555b095adde0, 0x555ad651b450, 0, 33 <unfinished ...>
OPENSSL_LH_strhash(0x555ad64d7b0e, 0x555ad6481b80, 0x7ffd8a5c0f70, 33) = 0x49914f00
<... OPENSSL_LH_insert resumed> )                = 0
OPENSSL_LH_insert(0x555b095adde0, 0x555ad651b480, 0, 33 <unfinished ...>
OPENSSL_LH_strhash(0x555ad64d7b1b, 0x555ad6481b80, 0x7ffd8a5c0f70, 0) = 0x5f6f172d
<... OPENSSL_LH_insert resumed> )                = 0
OPENSSL_LH_insert(0x555b095adde0, 0x555ad651b4b0, 0, 33 <unfinished ...>
OPENSSL_LH_strhash(0x555ad64d7b4f, 0x555ad6481b80, 0x7ffd8a5c0f70, 33) = 0xe9a6a12a
<... OPENSSL_LH_insert resumed> )                = 0
OPENSSL_LH_insert(0x555b095adde0, 0x555ad651b4e0, 0, 33 <unfinished ...>
OPENSSL_LH_strhash(0x555ad64d7b5d, 0x555ad6481b80, 0x7ffd8a5c0f70, 0) = 0xdb7c77ab
<... OPENSSL_LH_insert resumed> )                = 0
OPENSSL_LH_insert(0x555b095adde0, 0x555ad651b510, 0, 33 <unfinished ...>
OPENSSL_LH_strhash(0x555ad64d7b28, 0x555ad6481b80, 0x7ffd8a5c0f70, 33) = 0xddaf1c3a
<... OPENSSL_LH_insert resumed> )                = 0
OPENSSL_LH_insert(0x555b095adde0, 0x555ad651b540, 0, 33 <unfinished ...>
OPENSSL_LH_strhash(0x555ad64d7b35, 0x555ad6481b80, 0x7ffd8a5c0f70, 0) = 0x64509317
<... OPENSSL_LH_insert resumed> )                = 0
OPENSSL_LH_insert(0x555b095adde0, 0x555ad651b570, 0, 33 <unfinished ...>
OPENSSL_LH_strhash(0x555ad64d7b42, 0x555ad6481b80, 0x7ffd8a5c0f70, 33) = 0x44bfd035
<... OPENSSL_LH_insert resumed> )                = 0
OPENSSL_LH_insert(0x555b095adde0, 0x555ad651b5a0, 0, 33 <unfinished ...>
OPENSSL_LH_strhash(0x555ad64d7b6b, 0x555ad6481b80, 0x7ffd8a5c0f70, 0x555b095aeb60) = 0xbe25f62b
<... OPENSSL_LH_insert resumed> )                = 0
OPENSSL_LH_insert(0x555b095adde0, 0x555ad651b5d0, 0, 33 <unfinished ...>
OPENSSL_LH_strhash(0x555ad64d7b78, 0x555ad6481b80, 0x7ffd8a5c0f70, 33) = 0x242b8596
<... OPENSSL_LH_insert resumed> )                = 0
OPENSSL_LH_insert(0x555b095adde0, 0x555ad651b600, 0, 33 <unfinished ...>
OPENSSL_LH_strhash(0x555ad64d7bac, 0x555ad6481b80, 0x7ffd8a5c0f70, 0) = 0x7499d37d
<... OPENSSL_LH_insert resumed> )                = 0
OPENSSL_LH_insert(0x555b095adde0, 0x555ad651b630, 0, 33 <unfinished ...>
OPENSSL_LH_strhash(0x555ad64d7bba, 0x555ad6481b80, 0x7ffd8a5c0f70, 33) = 0xa46d94f
<... OPENSSL_LH_insert resumed> )                = 0
OPENSSL_LH_insert(0x555b095adde0, 0x555ad651b660, 0, 33 <unfinished ...>
OPENSSL_LH_strhash(0x555ad64d7b85, 0x555ad6481b80, 0x7ffd8a5c0f70, 0) = 0x37ef894
<... OPENSSL_LH_insert resumed> )                = 0
OPENSSL_LH_insert(0x555b095adde0, 0x555ad651b690, 0, 33 <unfinished ...>
OPENSSL_LH_strhash(0x555ad64d7b92, 0x555ad6481b80, 0x7ffd8a5c0f70, 33) = 0x8b38e140
<... OPENSSL_LH_insert resumed> )                = 0
OPENSSL_LH_insert(0x555b095adde0, 0x555ad651b6c0, 0, 33 <unfinished ...>
OPENSSL_LH_strhash(0x555ad64d7b9f, 0x555ad6481b80, 0x7ffd8a5c0f70, 0x555b095aece0) = 0xba49a710
<... OPENSSL_LH_insert resumed> )                = 0
OPENSSL_LH_insert(0x555b095adde0, 0x555ad651b6f0, 0, 33 <unfinished ...>
OPENSSL_LH_strhash(0x555ad64d7bc8, 0x555ad6481b80, 0x7ffd8a5c0f70, 33) = 0x9806c265
<... OPENSSL_LH_insert resumed> )                = 0
OPENSSL_LH_insert(0x555b095adde0, 0x555ad651b720, 0, 33 <unfinished ...>
OPENSSL_LH_strhash(0x555ad64d7bd5, 0x555ad6481b80, 0x7ffd8a5c0f70, 0x555b095aed40) = 0x461ac175
<... OPENSSL_LH_insert resumed> )                = 0
OPENSSL_LH_insert(0x555b095adde0, 0x555ad651b750, 0, 33 <unfinished ...>
OPENSSL_LH_strhash(0x555ad64d7c09, 0x555ad6481b80, 0x7ffd8a5c0f70, 33) = 0x5043bbe1
<... OPENSSL_LH_insert resumed> )                = 0
OPENSSL_LH_insert(0x555b095adde0, 0x555ad651b780, 0, 33 <unfinished ...>
OPENSSL_LH_strhash(0x555ad64d7c17, 0x555ad6481b80, 0x7ffd8a5c0f70, 0) = 0x860fe19e
<... OPENSSL_LH_insert resumed> )                = 0
OPENSSL_LH_insert(0x555b095adde0, 0x555ad651b7b0, 0, 33 <unfinished ...>
OPENSSL_LH_strhash(0x555ad64d7be2, 0x555ad6481b80, 0x7ffd8a5c0f70, 33) = 0x9bf229ac
<... OPENSSL_LH_insert resumed> )                = 0
OPENSSL_LH_insert(0x555b095adde0, 0x555ad651b7e0, 0, 33 <unfinished ...>
OPENSSL_LH_strhash(0x555ad64d7bef, 0x555ad6481b80, 0x7ffd8a5c0f70, 0) = 0xc77e89dc
<... OPENSSL_LH_insert resumed> )                = 0
OPENSSL_LH_insert(0x555b095adde0, 0x555ad651b810, 0, 33 <unfinished ...>
OPENSSL_LH_strhash(0x555ad64d7bfc, 0x555ad6481b80, 0x7ffd8a5c0f70, 33) = 0x1e8d6199
<... OPENSSL_LH_insert resumed> )                = 0
OPENSSL_LH_insert(0x555b095adde0, 0x555ad651b840, 0, 33 <unfinished ...>
OPENSSL_LH_strhash(0x555ad64d4cbf, 0x555ad6481b80, 0x7ffd8a5c0f70, 0x555b095ae080) = 0x9b934c75
<... OPENSSL_LH_insert resumed> )                = 0
OPENSSL_LH_insert(0x555b095adde0, 0x555ad651b870, 0, 33 <unfinished ...>
OPENSSL_LH_strhash(0x555ad64d7ca9, 0x555ad6481b80, 0x7ffd8a5c0f70, 33) = 0xf4c73463
<... OPENSSL_LH_insert resumed> )                = 0
OPENSSL_LH_insert(0x555b095adde0, 0x555ad651b8a0, 0, 33 <unfinished ...>
OPENSSL_LH_strhash(0x555ad64d7dab, 0x555ad6481b80, 0x7ffd8a5c0f70, 0x555b095aed00) = 0x1f3ecbc4
<... OPENSSL_LH_insert resumed> )                = 0
OPENSSL_LH_insert(0x555b095adde0, 0x555ad651b8d0, 0, 33 <unfinished ...>
OPENSSL_LH_strhash(0x555ad64d7db9, 0x555ad6481b80, 0x7ffd8a5c0f70, 33) = 0xf9193fa2
<... OPENSSL_LH_insert resumed> )                = 0
OPENSSL_LH_insert(0x555b095adde0, 0x555ad651b900, 0, 33 <unfinished ...>
OPENSSL_LH_strhash(0x555ad64d7db2, 0x555ad6481b80, 0x7ffd8a5c0f70, 0) = 0xeced0ea8
<... OPENSSL_LH_insert resumed> )                = 0
OPENSSL_LH_insert(0x555b095adde0, 0x555ad651b930, 0, 33 <unfinished ...>
OPENSSL_LH_strhash(0x555ad64d7dc0, 0x555ad6481b80, 0x7ffd8a5c0f70, 33) = 0xb085fdcb
<... OPENSSL_LH_insert resumed> )                = 0
OPENSSL_LH_insert(0x555b095adde0, 0x555ad651b960, 0, 33 <unfinished ...>
OPENSSL_LH_strhash(0x555ad64d7c25, 0x555ad6481b80, 0x7ffd8a5c0f70, 0x555b095aeca0) = 0xb9b6e8cd
<... OPENSSL_LH_insert resumed> )                = 0
OPENSSL_LH_insert(0x555b095adde0, 0x555ad651b990, 0, 33 <unfinished ...>
OPENSSL_LH_strhash(0x555ad64d7c36, 0x555ad6481b80, 0x7ffd8a5c0f70, 33) = 0xe00065b4
<... OPENSSL_LH_insert resumed> )                = 0
OPENSSL_LH_insert(0x555b095adde0, 0x555ad651b9c0, 0, 33 <unfinished ...>
OPENSSL_LH_strhash(0x555ad64d7c47, 0x555ad6481b80, 0x7ffd8a5c0f70, 0x555b095aec40) = 0xebdbf574
<... OPENSSL_LH_insert resumed> )                = 0
OPENSSL_LH_insert(0x555b095adde0, 0x555ad651b9f0, 0, 33 <unfinished ...>
OPENSSL_LH_strhash(0x555ad64d7c58, 0x555ad6481b80, 0x7ffd8a5c0f70, 33) = 0x44da5ec6
<... OPENSSL_LH_insert resumed> )                = 0
OPENSSL_LH_insert(0x555b095adde0, 0x555ad651ba20, 0, 33 <unfinished ...>
OPENSSL_LH_strhash(0x555ad64d7c69, 0x555ad6481b80, 0x7ffd8a5c0f70, 0x555b095ae630) = 0x510cd91d
<... OPENSSL_LH_insert resumed> )                = 0
OPENSSL_LH_insert(0x555b095adde0, 0x555ad651ba50, 0, 33 <unfinished ...>
OPENSSL_LH_strhash(0x555ad64d7c7a, 0x555ad6481b80, 0x7ffd8a5c0f70, 33) = 0x31750614
<... OPENSSL_LH_insert resumed> )                = 0
OPENSSL_LH_insert(0x555b095adde0, 0x555ad651ba80, 0, 33 <unfinished ...>
OPENSSL_LH_strhash(0x555ad64d7cac, 0x555ad6481b80, 0x7ffd8a5c0f70, 0x555b095aee20) = 0xd6db8d71
<... OPENSSL_LH_insert resumed> )                = 0
OPENSSL_LH_insert(0x555b095adde0, 0x555ad651bab0, 0, 33 <unfinished ...>
OPENSSL_LH_strhash(0x555ad64d7def, 0x555ad6481b80, 0x7ffd8a5c0f70, 33) = 0x4ba61bab
<... OPENSSL_LH_insert resumed> )                = 0
OPENSSL_LH_insert(0x555b095adde0, 0x555ad651bae0, 0, 33 <unfinished ...>
OPENSSL_LH_strhash(0x555ad64d7dc7, 0x555ad6481b80, 0x7ffd8a5c0f70, 0) = 0xeb5f79d9
<... OPENSSL_LH_insert resumed> )                = 0
OPENSSL_LH_insert(0x555b095adde0, 0x555ad651bb10, 0, 33 <unfinished ...>
OPENSSL_LH_strhash(0x555ad64d7ddb, 0x555ad6481b80, 0x7ffd8a5c0f70, 33) = 0x88c0fd98
<... OPENSSL_LH_insert resumed> )                = 0
OPENSSL_LH_insert(0x555b095adde0, 0x555ad651bb40, 0, 33 <unfinished ...>
OPENSSL_LH_strhash(0x555ad64d7dd1, 0x555ad6481b80, 0x7ffd8a5c0f70, 0) = 0x2367959
<... OPENSSL_LH_insert resumed> )                = 0
OPENSSL_LH_insert(0x555b095adde0, 0x555ad651bb70, 0, 33 <unfinished ...>
OPENSSL_LH_strhash(0x555ad64d7de5, 0x555ad6481b80, 0x7ffd8a5c0f70, 33) = 0xa27b2079
<... OPENSSL_LH_insert resumed> )                = 0
OPENSSL_LH_insert(0x555b095adde0, 0x555ad651bba0, 0, 33 <unfinished ...>
OPENSSL_LH_strhash(0x555ad64d4043, 0x555ad6481b80, 0x7ffd8a5c0f70, 0x555b095aee00) = 0x5de73734
<... OPENSSL_LH_insert resumed> )                = 0
OPENSSL_LH_insert(0x555b095adde0, 0x555ad651bbd0, 0, 33 <unfinished ...>
OPENSSL_LH_strhash(0x555ad64d7cca, 0x555ad6481b80, 0x7ffd8a5c0f70, 33) = 0xb531dde7
<... OPENSSL_LH_insert resumed> )                = 0
OPENSSL_LH_insert(0x555b095adde0, 0x555ad651bc00, 0, 33 <unfinished ...>
OPENSSL_LH_strhash(0x555ad64d7ceb, 0x555ad6481b80, 0x7ffd8a5c0f70, 0x555b095aef80) = 0xad493522
<... OPENSSL_LH_insert resumed> )                = 0
OPENSSL_LH_insert(0x555b095adde0, 0x555ad651bc30, 0, 33 <unfinished ...>
OPENSSL_LH_strhash(0x555ad64d7cb1, 0x555ad6481b80, 0x7ffd8a5c0f70, 33) = 0x6ba87bf3
<... OPENSSL_LH_insert resumed> )                = 0
OPENSSL_LH_insert(0x555b095adde0, 0x555ad651bc60, 0, 33 <unfinished ...>
OPENSSL_LH_strhash(0x555ad64d7cb9, 0x555ad6481b80, 0x7ffd8a5c0f70, 0x555b095aedc0) = 0x63cf61b
<... OPENSSL_LH_insert resumed> )                = 0
OPENSSL_LH_insert(0x555b095adde0, 0x555ad651bc90, 0, 33 <unfinished ...>
OPENSSL_LH_strhash(0x555ad64d7cd2, 0x555ad6481b80, 0x7ffd8a5c0f70, 33) = 0x58b305d2
<... OPENSSL_LH_insert resumed> )                = 0
OPENSSL_LH_insert(0x555b095adde0, 0x555ad651bcc0, 0, 33 <unfinished ...>
OPENSSL_LH_strhash(0x555ad64d7cf3, 0x555ad6481b80, 0x7ffd8a5c0f70, 0x555b095ae200) = 0xd5ee86db
<... OPENSSL_LH_insert resumed> )                = 0
OPENSSL_LH_insert(0x555b095adde0, 0x555ad651bcf0, 0, 33 <unfinished ...>
OPENSSL_LH_strhash(0x555ad64d7d14, 0x555ad6481b80, 0x7ffd8a5c0f70, 33) = 0xe3ec8850
<... OPENSSL_LH_insert resumed> )                = 0
OPENSSL_LH_insert(0x555b095adde0, 0x555ad651bd20, 0, 33 <unfinished ...>
OPENSSL_LH_strhash(0x555ad64d7cc1, 0x555ad6481b80, 0x7ffd8a5c0f70, 0) = 0x7850c167
<... OPENSSL_LH_insert resumed> )                = 0
OPENSSL_LH_insert(0x555b095adde0, 0x555ad651bd50, 0, 33 <unfinished ...>
OPENSSL_LH_strhash(0x555ad64d7cde, 0x555ad6481b80, 0x7ffd8a5c0f70, 33) = 0x514f6e49
<... OPENSSL_LH_insert resumed> )                = 0
OPENSSL_LH_insert(0x555b095adde0, 0x555ad651bd80, 0, 33 <unfinished ...>
OPENSSL_LH_strhash(0x555ad64d7cff, 0x555ad6481b80, 0x7ffd8a5c0f70, 0) = 0xd28c03bf
<... OPENSSL_LH_insert resumed> )                = 0
OPENSSL_LH_insert(0x555b095adde0, 0x555ad651bdb0, 0, 33 <unfinished ...>
OPENSSL_LH_strhash(0x555ad64d7d20, 0x555ad6481b80, 0x7ffd8a5c0f70, 33) = 0xa7a4f41c
<... OPENSSL_LH_insert resumed> )                = 0
OPENSSL_LH_insert(0x555b095adde0, 0x555ad651bde0, 0, 33 <unfinished ...>
OPENSSL_LH_strhash(0x555ad64d7d0c, 0x555ad6481b80, 0x7ffd8a5c0f70, 0) = 0x2ecd7f22
<... OPENSSL_LH_insert resumed> )                = 0
OPENSSL_LH_insert(0x555b095adde0, 0x555ad651be10, 0, 33 <unfinished ...>
OPENSSL_LH_strhash(0x555ad64d7c8b, 0x555ad6481b80, 0x7ffd8a5c0f70, 33) = 0xb578b9a2
<... OPENSSL_LH_insert resumed> )                = 0
OPENSSL_LH_insert(0x555b095adde0, 0x555ad651be40, 0, 33 <unfinished ...>
OPENSSL_LH_strhash(0x555ad64d7c90, 0x555ad6481b80, 0x7ffd8a5c0f70, 0) = 0x79c9355e
<... OPENSSL_LH_insert resumed> )                = 0
OPENSSL_LH_insert(0x555b095adde0, 0x555ad651be70, 0, 33 <unfinished ...>
OPENSSL_LH_strhash(0x555ad64d7c95, 0x555ad6481b80, 0x7ffd8a5c0f70, 33) = 0xf51f9f2c
<... OPENSSL_LH_insert resumed> )                = 0
OPENSSL_LH_insert(0x555b095adde0, 0x555ad651bea0, 0, 33 <unfinished ...>
OPENSSL_LH_strhash(0x555ad64d7d2d, 0x555ad6481b80, 0x7ffd8a5c0f70, 0) = 0xbaaa8cef
<... OPENSSL_LH_insert resumed> )                = 0
OPENSSL_LH_insert(0x555b095adde0, 0x555ad651bed0, 0, 33 <unfinished ...>
OPENSSL_LH_strhash(0x555ad64d7d3f, 0x555ad6481b80, 0x7ffd8a5c0f70, 33) = 0x34b0e1e4
<... OPENSSL_LH_insert resumed> )                = 0
OPENSSL_LH_insert(0x555b095adde0, 0x555ad651bf00, 0, 33 <unfinished ...>
OPENSSL_LH_strhash(0x555ad64d7d36, 0x555ad6481b80, 0x7ffd8a5c0f70, 0) = 0x2ea7c017
<... OPENSSL_LH_insert resumed> )                = 0
OPENSSL_LH_insert(0x555b095adde0, 0x555ad651bf30, 0, 33 <unfinished ...>
OPENSSL_LH_strhash(0x555ad64d7d48, 0x555ad6481b80, 0x7ffd8a5c0f70, 33) = 0x104c9fa2
<... OPENSSL_LH_insert resumed> )                = 0
OPENSSL_LH_insert(0x555b095adde0, 0x555ad651bf60, 0, 33 <unfinished ...>
OPENSSL_LH_strhash(0x555ad64d7ca5, 0x555ad6481b80, 0x7ffd8a5c0f70, 0) = 0xe4989570
<... OPENSSL_LH_insert resumed> )                = 0
OPENSSL_LH_insert(0x555b095adde0, 0x555ad651bf90, 0, 33 <unfinished ...>
OPENSSL_LH_strhash(0x555ad64d7da0, 0x555ad6481b80, 0x7ffd8a5c0f70, 33) = 0xcbd6547c
<... OPENSSL_LH_insert resumed> )                = 0
OPENSSL_LH_insert(0x555b095adde0, 0x555ad651bfc0, 0, 33 <unfinished ...>
OPENSSL_LH_strhash(0x555ad64d7d95, 0x555ad6481b80, 0x7ffd8a5c0f70, 0x555b095ae9c0) = 0xd380f4b2
<... OPENSSL_LH_insert resumed> )                = 0
OPENSSL_LH_insert(0x555b095adde0, 0x555ad651bff0, 0, 33 <unfinished ...>
OPENSSL_LH_strhash(0x555ad64d7d75, 0x555ad6481b80, 0x7ffd8a5c0f70, 33) = 0xeaf74ccf
<... OPENSSL_LH_insert resumed> )                = 0
OPENSSL_LH_insert(0x555b095adde0, 0x555ad651c020, 0, 33 <unfinished ...>
OPENSSL_LH_strhash(0x555ad64d7d85, 0x555ad6481b80, 0x7ffd8a5c0f70, 0) = 0x512527ab
<... OPENSSL_LH_insert resumed> )                = 0
OPENSSL_LH_insert(0x555b095adde0, 0x555ad651c050, 0, 33 <unfinished ...>
OPENSSL_LH_strhash(0x555ad64d7d7d, 0x555ad6481b80, 0x7ffd8a5c0f70, 33) = 0xd42559a2
<... OPENSSL_LH_insert resumed> )                = 0
OPENSSL_LH_insert(0x555b095adde0, 0x555ad651c080, 0, 33 <unfinished ...>
OPENSSL_LH_strhash(0x555ad64d7d8d, 0x555ad6481b80, 0x7ffd8a5c0f70, 0) = 0xe5356d07
<... OPENSSL_LH_insert resumed> )                = 0
OPENSSL_LH_insert(0x555b095adde0, 0x555ad651c0b0, 0, 33 <unfinished ...>
OPENSSL_LH_strhash(0x555ad64d7c9a, 0x555ad6481b80, 0x7ffd8a5c0f70, 33) = 0x672eb79f
<... OPENSSL_LH_insert resumed> )                = 0
OPENSSL_LH_insert(0x555b095adde0, 0x555ad651c0e0, 0, 33 <unfinished ...>
OPENSSL_LH_strhash(0x555ad64d7c9e, 0x555ad6481b80, 0x7ffd8a5c0f70, 0) = 0xc716fabf
<... OPENSSL_LH_insert resumed> )                = 0
OPENSSL_LH_insert(0x555b095adde0, 0x555ad651c110, 0, 33 <unfinished ...>
OPENSSL_LH_strhash(0x555ad64d4cab, 0x555ad6481b80, 0x7ffd8a5c0f70, 33) = 0xc2eb9bad
<... OPENSSL_LH_insert resumed> )                = 0
OPENSSL_LH_insert(0x555b095adde0, 0x555ad651c140, 0, 33 <unfinished ...>
OPENSSL_LH_strhash(0x555ad64d7d51, 0x555ad6481b80, 0x7ffd8a5c0f70, 0) = 0x47a6acae
<... OPENSSL_LH_insert resumed> )                = 0
OPENSSL_LH_insert(0x555b095adde0, 0x555ad651c170, 0, 33 <unfinished ...>
OPENSSL_LH_strhash(0x555ad64d7d63, 0x555ad6481b80, 0x7ffd8a5c0f70, 33) = 0xe47de5f6
<... OPENSSL_LH_insert resumed> )                = 0
OPENSSL_LH_insert(0x555b095adde0, 0x555ad651c1a0, 0, 33 <unfinished ...>
OPENSSL_LH_strhash(0x555ad64d7d5a, 0x555ad6481b80, 0x7ffd8a5c0f70, 0) = 0xd4be8095
<... OPENSSL_LH_insert resumed> )                = 0
OPENSSL_LH_insert(0x555b095adde0, 0x555ad651c1d0, 0, 33 <unfinished ...>
OPENSSL_LH_strhash(0x555ad64d7d6c, 0x555ad6481b80, 0x7ffd8a5c0f70, 33) = 0xafedbbaa
<... OPENSSL_LH_insert resumed> )                = 0
OPENSSL_LH_insert(0x555b095adde0, 0x555ad651c200, 0, 33 <unfinished ...>
OPENSSL_LH_strhash(0x555ad64d7df8, 0x555ad6481b80, 0x7ffd8a5c0f70, 0) = 0xa6ff22f
<... OPENSSL_LH_insert resumed> )                = 0
OPENSSL_LH_insert(0x555b095adde0, 0x555ad651c230, 0, 33 <unfinished ...>
OPENSSL_LH_strhash(0x555ad64d7e08, 0x555ad6481b80, 0x7ffd8a5c0f70, 33) = 0x58a0c9a0
<... OPENSSL_LH_insert resumed> )                = 0
OPENSSL_LH_insert(0x555b095adde0, 0x555ad651c260, 0, 33 <unfinished ...>
OPENSSL_LH_strhash(0x555ad64d7e18, 0x555ad6481b80, 0x7ffd8a5c0f70, 0) = 0x57c61929
<... OPENSSL_LH_insert resumed> )                = 0
OPENSSL_LH_insert(0x555b095adde0, 0x555ad651c290, 0, 33 <unfinished ...>
OPENSSL_LH_strhash(0x555ad64d7e00, 0x555ad6481b80, 0x7ffd8a5c0f70, 33) = 0x15152463
<... OPENSSL_LH_insert resumed> )                = 0
OPENSSL_LH_insert(0x555b095adde0, 0x555ad651c2c0, 0, 33 <unfinished ...>
OPENSSL_LH_strhash(0x555ad64d7e10, 0x555ad6481b80, 0x7ffd8a5c0f70, 0) = 0xf9267adb
<... OPENSSL_LH_insert resumed> )                = 0
strlen("./apps/openssl")                         = 14
strncpy(0x555ad65257c0, "openssl", 39)           = 0x555ad65257c0
CONF_get1_default_config_file(0x555ad65257c7, 0x7ffd8a5c2c16, 31, 0x555ad65257c0) = 0x555b095af970
OPENSSL_LH_retrieve(0x555b095adde0, 0x7ffd8a5c0fc0, 0, 512 <unfinished ...>
OPENSSL_LH_strhash(0x555ad65257c0, 0x555ad6481b80, 0x7ffd8a5c0fa0, 512) = 0x12d061d4
<... OPENSSL_LH_retrieve resumed> )              = 0
strcmp("enc", "-help")                           = 56
strcmp("enc", "--help")                          = 56
strcmp("enc", "-h")                              = 56
strcmp("enc", "--h")                             = 56
strcmp("enc", "-version")                        = 56
strcmp("enc", "--version")                       = 56
strcmp("enc", "-v")                              = 56
strcmp("enc", "--v")                             = 56
strlen("openssl")                                = 7
BIO_snprintf(0x555ad65257c7, 32, 0x555ad64d5efa, 0x7ffd8a5c2c1e) = 4
OPENSSL_LH_retrieve(0x555b095adde0, 0x7ffd8a5c0f40, 0x7ffd8a5c1160, 512 <unfinished ...>
OPENSSL_LH_strhash(0x7ffd8a5c2c1e, 0x555ad6481b80, 0x7ffd8a5c0f10, 512) = 0xdee886a0
strncmp("enc", "enc", 8)                         = 0
<... OPENSSL_LH_retrieve resumed> )              = 0x555ad651a7c0
strcmp("enc", "base64")                          = 3
strcmp("enc", "enc")                             = 0
strlen("enc")                                    = 3
strncpy(0x555ad65257c0, "enc", 39)               = 0x555ad65257c0
strchr("base64", '=')                            = nil
strcmp("base64", "-S")                           = 53
strcmp("base64", "help")                         = -6
strcmp("base64", "list")                         = -10
strcmp("base64", "ciphers")                      = -1
strcmp("base64", "e")                            = -3
strcmp("base64", "d")                            = -2
strcmp("base64", "p")                            = -14
strcmp("base64", "P")                            = 18
strcmp("base64", "engine")                       = -3
strcmp("base64", "-S")                           = 53
strcmp("base64", "in")                           = -7
strcmp("base64", "k")                            = -9
strcmp("base64", "kfile")                        = -9
strcmp("base64", "-S")                           = 53
strcmp("base64", "out")                          = -13
strcmp("base64", "pass")                         = -14
strcmp("base64", "v")                            = -20
strcmp("base64", "a")                            = 1
strcmp("base64", "base64")                       = 0
strchr("A", '=')                                 = nil
strcmp("A", "-S")                                = 20
strcmp("A", "help")                              = -39
strcmp("A", "list")                              = -43
strcmp("A", "ciphers")                           = -34
strcmp("A", "e")                                 = -36
strcmp("A", "d")                                 = -35
strcmp("A", "p")                                 = -47
strcmp("A", "P")                                 = -15
strcmp("A", "engine")                            = -36
strcmp("A", "-S")                                = 20
strcmp("A", "in")                                = -40
strcmp("A", "k")                                 = -42
strcmp("A", "kfile")                             = -42
strcmp("A", "-S")                                = 20
strcmp("A", "out")                               = -46
strcmp("A", "pass")                              = -47
strcmp("A", "v")                                 = -53
strcmp("A", "a")                                 = -32
strcmp("A", "base64")                            = -33
strcmp("A", "A")                                 = 0
strchr("bufsize", '=')                           = nil
strcmp("bufsize", "-S")                          = 53
strcmp("bufsize", "help")                        = -6
strcmp("bufsize", "list")                        = -10
strcmp("bufsize", "ciphers")                     = -1
strcmp("bufsize", "e")                           = -3
strcmp("bufsize", "d")                           = -2
strcmp("bufsize", "p")                           = -14
strcmp("bufsize", "P")                           = 18
strcmp("bufsize", "engine")                      = -3
strcmp("bufsize", "-S")                          = 53
strcmp("bufsize", "in")                          = -7
strcmp("bufsize", "k")                           = -9
strcmp("bufsize", "kfile")                       = -9
strcmp("bufsize", "-S")                          = 53
strcmp("bufsize", "out")                         = -13
strcmp("bufsize", "pass")                        = -14
strcmp("bufsize", "v")                           = -20
strcmp("bufsize", "a")                           = 1
strcmp("bufsize", "base64")                      = 20
strcmp("bufsize", "A")                           = 33
strcmp("bufsize", "-S")                          = 53
strcmp("bufsize", "nopad")                       = -12
strcmp("bufsize", "salt")                        = -17
strcmp("bufsize", "nosalt")                      = -12
strcmp("bufsize", "debug")                       = -2
strcmp("bufsize", "bufsize")                     = 0
strlen("337802704")                              = 9
__errno_location()                               = 0x7f4539a57b08
__isoc23_strtol(0x7ffd8a5c2c36, 0x7ffd8a5c0c80, 0, 0x7ffd8a5c2c36) = 0x142275d0
strchr("in", '=')                                = nil
strcmp("in", "-S")                               = 60
strcmp("in", "help")                             = 1
strcmp("in", "list")                             = -3
strcmp("in", "ciphers")                          = 6
strcmp("in", "e")                                = 4
strcmp("in", "d")                                = 5
strcmp("in", "p")                                = -7
strcmp("in", "P")                                = 25
strcmp("in", "engine")                           = 4
strcmp("in", "-S")                               = 60
strcmp("in", "in")                               = 0
OPENSSL_sk_num(0, 0x7ffd8a5c2c44, 7, 0)          = 0xffffffff
OPENSSL_sk_free(0, 0x7ffd8a5c2c44, 7, 0)         = 0xffffffff
EVP_sha256(0, 0x7ffd8a5c0d70, 0, 0)              = 0x7f45399d0200
CRYPTO_malloc(512, 0x555ad64dc3b8, 689, 0)       = 0x555b095ae730
CRYPTO_malloc(0x1baf6252, 0x555ad64dc3b8, 689, 0x555b09599010) = 0x7f451d719010
BIO_new_file(0x7ffd8a5c2c44, 0x555ad64d3a83, 2, 0x7f45393f6180) = 0x555b095ade50
BIO_new_fp(0x7f45393f75c0, 16, 0x8003, 0x555b095ad710) = 0x555b095af9a0
getenv("HARNESS_OSSL_PREFIX")                    = nil
BIO_f_base64(0x555ad64dc5c9, 0, 19, 1)           = 0x7f4539a16cc0
BIO_new(0x7f4539a16cc0, 0, 19, 1)                = 0x555b095afa30
BIO_set_flags(0x555b095afa30, 256, 0, 0x555b095b4750) = 0x555b095afa30
BIO_push(0x555b095afa30, 0x555b095af9a0, 0, 0x555b095b4750) = 0x555b095afa30
BIO_ctrl(0x555b095ade50, 10, 0, 0)               = 0
BIO_ctrl(0x555b095ade50, 2, 0, 0)                = 0
BIO_read(0x555b095ade50, 0x7f451d719010, 0x142275d0, 0) = 0x18294f4
BIO_write(0x555b095afa30, 0x7f451d719010, 0x18294f4, 0x7ffd8a5c0c90) = 0x18294f4
BIO_ctrl(0x555b095ade50, 10, 0, 0)               = 0
BIO_ctrl(0x555b095ade50, 2, 0, 0)                = 1
BIO_ctrl(0x555b095afa30, 11, 0, 0)               = 1
ERR_print_errors(0x555b0959a770, 0, 0, 0x7f45393f87b0) = 0
OPENSSL_sk_free(0, 1, 0x555b0959ebd0, 0)         = 0
EVP_SKEY_free(0, 1, 0x555b0959ebd0, 0)           = 0
CRYPTO_free(0x555b095ae730, 0x555ad64d4ee4, 780, 0) = -120
CRYPTO_free(0x7f451d719010, 0x555ad64d4ee4, 781, 3) = -120
BIO_free(0x555b095ade50, 0x1baf7000, 0, 0x7f4539325d6b) = 1
BIO_free_all(0x555b095af9a0, 0x555b09599010, 0x555b095ad, 1) = 1
BIO_free(0, 0x555b09599010, 0x555e5cea4bff, 2)   = 0
BIO_free(0x555b095afa30, 0x555b09599010, 0x555e5cea4bff, 2) = 1
BIO_free(0, 0x555b09599010, 0x555e5cea6c0f, 3)   = 0
BIO_free(0, 0x555b09599010, 0x555e5cea6c0f, 3)   = 0
ENGINE_free(0, 0x555b09599010, 0x555e5cea6c0f, 3) = 1
CRYPTO_free(0, 0x555ad64d4ee4, 794, 3)           = 0x7f45396613c0
CRYPTO_free(0x555b095af970, 0x555ad64d6bca, 312, 3) = -120
OPENSSL_LH_free(0x555b095adde0, 0x555b09599010, 0x555b095af, 1) = -120
CRYPTO_free(0, 0x555ad64d6bca, 314, 2)           = 0x7f45396613c0
BIO_free(0x555b095992a0, 0x555ad64d6bca, 314, 2) = 1
BIO_free_all(0x555b0959a6e0, 0x555b09599010, 0x555e5cea6fa9, 4) = 1
OPENSSL_sk_set_thunks(0, 0x555ad64bed40, 0x555e5ce9073a, 5) = 0
OPENSSL_sk_pop_free(0, 0x555ad64bed50, 0x555e5ce9073a, 5) = 0
OSSL_LIB_CTX_free(0, 0x555ad64bed50, 0x555e5ce9073a, 5) = 0
OSSL_STORE_unregister_loader(0x555ad64dcaea, 0x555ad64bed50, 0x555e5ce9073a, 5) = 0x555b095adc50
UI_destroy_method(0x555b095adbc0, 0x555b09599010, 0x555b095ad, 1) = -120
BIO_free_all(0x555b0959a770, 0x555b09599010, 0x555b095ad, 1) = 1
exit(0 <no return ...>
+++ exited (status 0) +++
