📝 Logging to ./benchmark_results/base64_benchmark_CLI_gcc_2025-07-09_16-59-02.log
Benchmark started at Wed 09 Jul 2025 04:59:02 PM EDT
========================================================
Configuring OpenSSL version 3.6.0-dev for target linux-x86_64
Using os-specific seed configuration
Created configdata.pm
Running configdata.pm
Created Makefile.in
Created Makefile

**********************************************************************
***                                                                ***
***   OpenSSL has been successfully configured                     ***
***                                                                ***
***   If you encounter a problem while building, please open an    ***
***   issue on GitHub <https://github.com/openssl/openssl/issues>  ***
***   and include the output from the following command:           ***
***                                                                ***
***       perl configdata.pm --dump                                ***
***                                                                ***
***   (If you are new to OpenSSL, you might want to consult the    ***
***   'Troubleshooting' section in the INSTALL.md file first)      ***
***                                                                ***
**********************************************************************
🛠️  Building OpenSSL quietly...
============== DISABLE NEWLINES MODE CLI =============================
📏 Benchmark: Single file (lena_color_512.jpg)
Benchmark 1: ./apps/openssl enc -base64 -A -in ./util/benchmark_data/Mula_img/lena_color_512.jpg > /dev/null
  Time (mean ± σ):       2.1 ms ±   0.2 ms    [User: 1.2 ms, System: 1.1 ms]
  Range (min … max):     1.2 ms …   5.5 ms    4000 runs
 
  Warning: Command took less than 5 ms to complete. Note that the results might be inaccurate because hyperfine can not calibrate the shell startup time much more precise than this limit. You can try to use the `-N`/`--shell=none` option to disable the shell completely.
  Warning: Statistical outliers were detected. Consider re-running this benchmark on a quiet system without any interferences from other programs. It might help to use the '--warmup' or '--prepare' options.
 
📦 Benchmark: All files in Mula_img
Benchmark 1: for f in ./util/benchmark_data/Mula_img/*; do [ -f "$f" ] && ./apps/openssl enc -base64 -A -in "$f" > /dev/null; done
  Time (mean ± σ):       9.7 ms ±   0.4 ms    [User: 5.7 ms, System: 4.1 ms]
  Range (min … max):     8.8 ms …  20.8 ms    2000 runs
 
  Warning: Statistical outliers were detected. Consider re-running this benchmark on a quiet system without any interferences from other programs. It might help to use the '--warmup' or '--prepare' options.
 
📨 Benchmark: All files in email_bin
Benchmark 1: for f in ./util/benchmark_data/email_bin/*; do [ -f "$f" ] && ./apps/openssl enc -base64 -A -in "$f" > /dev/null; done
  Time (mean ± σ):      21.0 ms ±   0.4 ms    [User: 12.2 ms, System: 9.0 ms]
  Range (min … max):    19.8 ms …  24.7 ms    2000 runs
 
  Warning: Statistical outliers were detected. Consider re-running this benchmark on a quiet system without any interferences from other programs. It might help to use the '--warmup' or '--prepare' options.
 
📨 Benchmark: Pride and prejudice
Benchmark 1: for f in ./util/benchmark_data/one_big_file/*; do [ -f "$f" ] && ./apps/openssl enc -base64 -A -in "$f" > /dev/null; done
  Time (mean ± σ):       9.0 ms ±   0.6 ms    [User: 3.9 ms, System: 5.2 ms]
  Range (min … max):     7.4 ms …  12.4 ms    2000 runs
 
============== PEM MODE CLI =============================
📏 Benchmark: Single file (lena_color_512.jpg)
Benchmark 1: ./apps/openssl enc -base64  -in ./util/benchmark_data/Mula_img/lena_color_512.jpg > /dev/null
  Time (mean ± σ):       1.9 ms ±   0.1 ms    [User: 1.5 ms, System: 0.8 ms]
  Range (min … max):     1.3 ms …   2.8 ms    4000 runs
 
  Warning: Command took less than 5 ms to complete. Note that the results might be inaccurate because hyperfine can not calibrate the shell startup time much more precise than this limit. You can try to use the `-N`/`--shell=none` option to disable the shell completely.
 
📦 Benchmark: All files in Mula_img
Benchmark 1: for f in ./util/benchmark_data/Mula_img/*; do [ -f "$f" ] && ./apps/openssl enc -base64  -in "$f" > /dev/null; done
  Time (mean ± σ):       9.6 ms ±   0.3 ms    [User: 5.7 ms, System: 4.1 ms]
  Range (min … max):     8.7 ms …  13.9 ms    2000 runs
 
  Warning: Statistical outliers were detected. Consider re-running this benchmark on a quiet system without any interferences from other programs. It might help to use the '--warmup' or '--prepare' options.
 
📨 Benchmark: All files in email_bin
Benchmark 1: for f in ./util/benchmark_data/email_bin/*; do [ -f "$f" ] && ./apps/openssl enc -base64  -in "$f" > /dev/null; done
  Time (mean ± σ):      21.1 ms ±   0.5 ms    [User: 12.3 ms, System: 9.0 ms]
  Range (min … max):    19.6 ms …  25.3 ms    2000 runs
 
  Warning: Statistical outliers were detected. Consider re-running this benchmark on a quiet system without any interferences from other programs. It might help to use the '--warmup' or '--prepare' options.
 
📨 Benchmark: Pride and prejudice
Benchmark 1: for f in ./util/benchmark_data/one_big_file/*; do [ -f "$f" ] && ./apps/openssl enc -base64  -in "$f" > /dev/null; done
  Time (mean ± σ):       9.0 ms ±   0.6 ms    [User: 3.7 ms, System: 5.4 ms]
  Range (min … max):     7.4 ms …  16.9 ms    2000 runs
 
  Warning: Statistical outliers were detected. Consider re-running this benchmark on a quiet system without any interferences from other programs. It might help to use the '--warmup' or '--prepare' options.
 
🧪 Running custom benchmarks with various buffer sizes...
📨 Benchmark: bufsize = 1024
Benchmark 1: ./apps/openssl enc -base64 -A -bufsize 1024 -in ./util/benchmark_data/one_big_file/pg1342-images-kf8.mobi > /dev/null
  Time (mean ± σ):      14.0 ms ±   0.5 ms    [User: 7.5 ms, System: 6.5 ms]
  Range (min … max):    12.6 ms …  16.9 ms    2000 runs
 
📨 Benchmark: bufsize = 4096
Benchmark 1: ./apps/openssl enc -base64 -A -bufsize 4096 -in ./util/benchmark_data/one_big_file/pg1342-images-kf8.mobi > /dev/null
  Time (mean ± σ):      11.1 ms ±   0.5 ms    [User: 4.7 ms, System: 6.4 ms]
  Range (min … max):     9.8 ms …  13.8 ms    2000 runs
 
📨 Benchmark: bufsize = 8192
Benchmark 1: ./apps/openssl enc -base64 -A -bufsize 8192 -in ./util/benchmark_data/one_big_file/pg1342-images-kf8.mobi > /dev/null
  Time (mean ± σ):       8.7 ms ±   0.4 ms    [User: 3.7 ms, System: 5.1 ms]
  Range (min … max):     7.6 ms …  11.2 ms    2000 runs
 
📨 Benchmark: bufsize = 16384
Benchmark 1: ./apps/openssl enc -base64 -A -bufsize 16384 -in ./util/benchmark_data/one_big_file/pg1342-images-kf8.mobi > /dev/null
  Time (mean ± σ):       7.2 ms ±   0.5 ms    [User: 3.0 ms, System: 4.3 ms]
  Range (min … max):     6.0 ms …  10.6 ms    2000 runs
 
📨 Benchmark: bufsize = 65536
Benchmark 1: ./apps/openssl enc -base64 -A -bufsize 65536 -in ./util/benchmark_data/one_big_file/pg1342-images-kf8.mobi > /dev/null
  Time (mean ± σ):       5.6 ms ±   0.3 ms    [User: 2.4 ms, System: 3.4 ms]
  Range (min … max):     4.7 ms …   7.0 ms    2000 runs
 
  Warning: Command took less than 5 ms to complete. Note that the results might be inaccurate because hyperfine can not calibrate the shell startup time much more precise than this limit. You can try to use the `-N`/`--shell=none` option to disable the shell completely.
 
📨 Benchmark: bufsize = 262144
Benchmark 1: ./apps/openssl enc -base64 -A -bufsize 262144 -in ./util/benchmark_data/one_big_file/pg1342-images-kf8.mobi > /dev/null
  Time (mean ± σ):      12.2 ms ±   0.8 ms    [User: 2.3 ms, System: 10.0 ms]
  Range (min … max):    10.6 ms …  18.9 ms    2000 runs
 
📨 Benchmark: bufsize = 1048576
Benchmark 1: ./apps/openssl enc -base64 -A -bufsize 1048576 -in ./util/benchmark_data/one_big_file/pg1342-images-kf8.mobi > /dev/null
  Time (mean ± σ):      13.1 ms ±   0.8 ms    [User: 2.2 ms, System: 11.0 ms]
  Range (min … max):    11.3 ms …  17.1 ms    2000 runs
 
📨 Benchmark: bufsize = 4194304
Benchmark 1: ./apps/openssl enc -base64 -A -bufsize 4194304 -in ./util/benchmark_data/one_big_file/pg1342-images-kf8.mobi > /dev/null
  Time (mean ± σ):      14.3 ms ±   0.7 ms    [User: 2.2 ms, System: 12.2 ms]
  Range (min … max):    12.0 ms …  17.3 ms    2000 runs
 
📨 Benchmark: bufsize = 16777216
Benchmark 1: ./apps/openssl enc -base64 -A -bufsize 16777216 -in ./util/benchmark_data/one_big_file/pg1342-images-kf8.mobi > /dev/null
  Time (mean ± σ):      17.7 ms ±   0.8 ms    [User: 2.5 ms, System: 15.2 ms]
  Range (min … max):    15.2 ms …  23.2 ms    2000 runs
 
📨 Benchmark: bufsize = 25335028
Benchmark 1: ./apps/openssl enc -base64 -A -bufsize 25335028 -in ./util/benchmark_data/one_big_file/pg1342-images-kf8.mobi > /dev/null
  Time (mean ± σ):      18.2 ms ±   0.6 ms    [User: 2.4 ms, System: 15.8 ms]
  Range (min … max):    16.4 ms …  22.0 ms    2000 runs
 
✅ Benchmarks complete at Wed 09 Jul 2025 05:10:45 PM EDT
Results logged to: ./benchmark_results/base64_benchmark_CLI_gcc_2025-07-09_16-59-02.log
